#
# There is insufficient memory for the Java Runtime Environment to continue.
# Native memory allocation (malloc) failed to allocate 1948176 bytes. Error detail: Chunk::new
# Possible reasons:
#   The system is out of physical RAM or swap space
#   This process is running with CompressedOops enabled, and the Java Heap may be blocking the growth of the native heap
# Possible solutions:
#   Reduce memory load on the system
#   Increase physical memory or swap space
#   Check if swap backing store is full
#   Decrease Java heap size (-Xmx/-Xms)
#   Decrease number of Java threads
#   Decrease Java thread stack sizes (-Xss)
#   Set larger code cache with -XX:ReservedCodeCacheSize=
#   JVM is running with Unscaled Compressed Oops mode in which the Java heap is
#     placed in the first 4GB address space. The Java Heap base address is the
#     maximum limit for the native heap growth. Please use -XX:HeapBaseMinAddress
#     to set the Java Heap base and to place the Java Heap above 4GB virtual address.
# This output file may be truncated or incomplete.
#
#  Out of Memory Error (arena.cpp:191), pid=5112, tid=27320
#
# JRE version: OpenJDK Runtime Environment Temurin-17.0.12+7 (17.0.12+7) (build 17.0.12+7)
# Java VM: OpenJDK 64-Bit Server VM Temurin-17.0.12+7 (17.0.12+7, mixed mode, sharing, tiered, compressed oops, compressed class ptrs, g1 gc, windows-amd64)
# No core dump will be written. Minidumps are not enabled by default on client versions of Windows
#

---------------  S U M M A R Y ------------

Command Line: --add-opens=java.base/java.util=ALL-UNNAMED --add-opens=java.base/java.lang=ALL-UNNAMED --add-opens=java.base/java.lang.invoke=ALL-UNNAMED --add-opens=java.prefs/java.util.prefs=ALL-UNNAMED --add-exports=jdk.compiler/com.sun.tools.javac.api=ALL-UNNAMED --add-exports=jdk.compiler/com.sun.tools.javac.util=ALL-UNNAMED --add-opens=java.base/java.nio.charset=ALL-UNNAMED --add-opens=java.base/java.net=ALL-UNNAMED --add-opens=java.base/java.util.concurrent.atomic=ALL-UNNAMED -XX:MaxMetaspaceSize=384m -XX:+HeapDumpOnOutOfMemoryError -Xms256m -Xmx512m -Dfile.encoding=UTF-8 -Duser.country=FR -Duser.language=fr -Duser.variant -javaagent:C:\Users\xrcla\.gradle\wrapper\dists\gradle-8.10.2-bin\a04bxjujx95o3nb99gddekhwo\gradle-8.10.2\lib\agents\gradle-instrumentation-agent-8.10.2.jar org.gradle.launcher.daemon.bootstrap.GradleDaemon 8.10.2

Host: AMD Ryzen 7 5800H with Radeon Graphics         , 16 cores, 15G,  Windows 11 , 64 bit Build 26100 (10.0.26100.7309)
Time: Thu Dec 11 23:30:13 2025 Paris, Madrid elapsed time: 2.443809 seconds (0d 0h 0m 2s)

---------------  T H R E A D  ---------------

Current thread (0x000002326a401c10):  JavaThread "C2 CompilerThread0" daemon [_thread_in_native, id=27320, stack(0x000000865d300000,0x000000865d400000)]


Current CompileTask:
C2:   2443 2431       4       jdk.internal.org.objectweb.asm.Frame::execute (2305 bytes)

Stack: [0x000000865d300000,0x000000865d400000]
Native frames: (J=compiled Java code, j=interpreted, Vv=VM code, C=native code)
V  [jvm.dll+0x67f929]
V  [jvm.dll+0x8371ba]
V  [jvm.dll+0x838c7e]
V  [jvm.dll+0x8392e3]
V  [jvm.dll+0x24834f]
V  [jvm.dll+0xac9d4]
V  [jvm.dll+0xad01c]
V  [jvm.dll+0x367452]
V  [jvm.dll+0x33197a]
V  [jvm.dll+0x330e1a]
V  [jvm.dll+0x21a8b1]
V  [jvm.dll+0x219cf1]
V  [jvm.dll+0x1a58bd]
V  [jvm.dll+0x229a2d]
V  [jvm.dll+0x227bdc]
V  [jvm.dll+0x7ec1f7]
V  [jvm.dll+0x7e65dc]
V  [jvm.dll+0x67e7f7]
C  [ucrtbase.dll+0x37b0]
C  [KERNEL32.DLL+0x2e8d7]
C  [ntdll.dll+0x8c53c]


---------------  P R O C E S S  ---------------

Threads class SMR info:
_java_thread_list=0x000002321b938780, length=26, elements={
0x000002324d087470, 0x000002326a3de430, 0x000002326a3e1a80, 0x000002326a3ef7b0,
0x000002326a3f0080, 0x000002326a3f14c0, 0x000002326a3f3910, 0x000002326a401c10,
0x0000023219170090, 0x000002326a415df0, 0x000002326a3c9c20, 0x0000023219269bf0,
0x000002321926c520, 0x0000023219288c20, 0x00000232192c16e0, 0x00000232193c2b10,
0x000002321ac74770, 0x000002321b6a7400, 0x000002321b6640c0, 0x000002321b6c9250,
0x000002321b6fa450, 0x000002321b9517d0, 0x000002321b951ce0, 0x000002321b952700,
0x000002321b952c10, 0x000002321b953120
}

Java Threads: ( => current thread )
  0x000002324d087470 JavaThread "main" [_thread_blocked, id=14212, stack(0x000000865c600000,0x000000865c700000)]
  0x000002326a3de430 JavaThread "Reference Handler" daemon [_thread_blocked, id=28932, stack(0x000000865cd00000,0x000000865ce00000)]
  0x000002326a3e1a80 JavaThread "Finalizer" daemon [_thread_blocked, id=28260, stack(0x000000865ce00000,0x000000865cf00000)]
  0x000002326a3ef7b0 JavaThread "Signal Dispatcher" daemon [_thread_blocked, id=26588, stack(0x000000865cf00000,0x000000865d000000)]
  0x000002326a3f0080 JavaThread "Attach Listener" daemon [_thread_blocked, id=26300, stack(0x000000865d000000,0x000000865d100000)]
  0x000002326a3f14c0 JavaThread "Service Thread" daemon [_thread_blocked, id=26616, stack(0x000000865d100000,0x000000865d200000)]
  0x000002326a3f3910 JavaThread "Monitor Deflation Thread" daemon [_thread_blocked, id=24616, stack(0x000000865d200000,0x000000865d300000)]
=>0x000002326a401c10 JavaThread "C2 CompilerThread0" daemon [_thread_in_native, id=27320, stack(0x000000865d300000,0x000000865d400000)]
  0x0000023219170090 JavaThread "C1 CompilerThread0" daemon [_thread_blocked, id=27332, stack(0x000000865d400000,0x000000865d500000)]
  0x000002326a415df0 JavaThread "Sweeper thread" daemon [_thread_blocked, id=27484, stack(0x000000865d500000,0x000000865d600000)]
  0x000002326a3c9c20 JavaThread "Common-Cleaner" daemon [_thread_blocked, id=26820, stack(0x000000865d600000,0x000000865d700000)]
  0x0000023219269bf0 JavaThread "C1 CompilerThread1" daemon [_thread_blocked, id=26992, stack(0x000000865d700000,0x000000865d800000)]
  0x000002321926c520 JavaThread "C1 CompilerThread2" daemon [_thread_blocked, id=24844, stack(0x000000865d800000,0x000000865d900000)]
  0x0000023219288c20 JavaThread "C1 CompilerThread3" daemon [_thread_blocked, id=24028, stack(0x000000865d900000,0x000000865da00000)]
  0x00000232192c16e0 JavaThread "C2 CompilerThread1" daemon [_thread_blocked, id=29624, stack(0x000000865da00000,0x000000865db00000)]
  0x00000232193c2b10 JavaThread "Notification Thread" daemon [_thread_blocked, id=30636, stack(0x000000865db00000,0x000000865dc00000)]
  0x000002321ac74770 JavaThread "Daemon health stats" [_thread_blocked, id=27692, stack(0x000000865dd00000,0x000000865de00000)]
  0x000002321b6a7400 JavaThread "Incoming local TCP Connector on port 59317" [_thread_in_native, id=27280, stack(0x000000865de00000,0x000000865df00000)]
  0x000002321b6640c0 JavaThread "Daemon periodic checks" [_thread_blocked, id=30136, stack(0x000000865e400000,0x000000865e500000)]
  0x000002321b6c9250 JavaThread "Daemon" [_thread_blocked, id=28160, stack(0x000000865e500000,0x000000865e600000)]
  0x000002321b6fa450 JavaThread "Handler for socket connection from /127.0.0.1:59317 to /127.0.0.1:59318" [_thread_in_native, id=28324, stack(0x000000865e600000,0x000000865e700000)]
  0x000002321b9517d0 JavaThread "Cancel handler" [_thread_blocked, id=18104, stack(0x000000865e700000,0x000000865e800000)]
  0x000002321b951ce0 JavaThread "Daemon worker" [_thread_in_Java, id=28276, stack(0x000000865e800000,0x000000865e900000)]
  0x000002321b952700 JavaThread "Asynchronous log dispatcher for DefaultDaemonConnection: socket connection from /127.0.0.1:59317 to /127.0.0.1:59318" [_thread_blocked, id=29616, stack(0x000000865e900000,0x000000865ea00000)]
  0x000002321b952c10 JavaThread "Stdin handler" [_thread_blocked, id=30200, stack(0x000000865ea00000,0x000000865eb00000)]
  0x000002321b953120 JavaThread "Daemon client event forwarder" [_thread_blocked, id=25804, stack(0x000000865eb00000,0x000000865ec00000)]

Other Threads:
  0x000002326a3da360 VMThread "VM Thread" [stack: 0x000000865cc00000,0x000000865cd00000] [id=28924]
  0x000002321936f7d0 WatcherThread [stack: 0x000000865dc00000,0x000000865dd00000] [id=28532]
  0x000002324d0b59d0 GCTaskThread "GC Thread#0" [stack: 0x000000865c700000,0x000000865c800000] [id=10720]
  0x000002321950ca50 GCTaskThread "GC Thread#1" [stack: 0x000000865df00000,0x000000865e000000] [id=19008]
  0x0000023219a688e0 GCTaskThread "GC Thread#2" [stack: 0x000000865e000000,0x000000865e100000] [id=23764]
  0x0000023219a68ba0 GCTaskThread "GC Thread#3" [stack: 0x000000865e100000,0x000000865e200000] [id=28188]
  0x0000023219bd0d60 GCTaskThread "GC Thread#4" [stack: 0x000000865e200000,0x000000865e300000] [id=24384]
  0x0000023219bd1020 GCTaskThread "GC Thread#5" [stack: 0x000000865e300000,0x000000865e400000] [id=28244]
  0x000002324d0ba830 ConcurrentGCThread "G1 Main Marker" [stack: 0x000000865c800000,0x000000865c900000] [id=30168]
  0x000002324d0bbe30 ConcurrentGCThread "G1 Conc#0" [stack: 0x000000865c900000,0x000000865ca00000] [id=20076]
  0x000002324d13d7c0 ConcurrentGCThread "G1 Refine#0" [stack: 0x000000865ca00000,0x000000865cb00000] [id=28916]
  0x000002324d13dfa0 ConcurrentGCThread "G1 Service" [stack: 0x000000865cb00000,0x000000865cc00000] [id=28928]

Threads with active compile tasks:
C2 CompilerThread0     2466 2431       4       jdk.internal.org.objectweb.asm.Frame::execute (2305 bytes)

VM state: not at safepoint (normal execution)

VM Mutex/Monitor currently owned by a thread: None

Heap address: 0x00000000e0000000, size: 512 MB, Compressed Oops mode: 32-bit

CDS archive(s) mapped at: [0x0000023200000000-0x0000023200bb0000-0x0000023200bb0000), size 12255232, SharedBaseAddress: 0x0000023200000000, ArchiveRelocationMode: 1.
Compressed class space mapped at: 0x0000023201000000-0x0000023215000000, reserved size: 335544320
Narrow klass base: 0x0000023200000000, Narrow klass shift: 0, Narrow klass range: 0x100000000

GC Precious Log:
 CPUs: 16 total, 16 available
 Memory: 15773M
 Large Page Support: Disabled
 NUMA Support: Disabled
 Compressed Oops: Enabled (32-bit)
 Heap Region Size: 1M
 Heap Min Capacity: 256M
 Heap Initial Capacity: 256M
 Heap Max Capacity: 512M
 Pre-touch: Disabled
 Parallel Workers: 13
 Concurrent Workers: 3
 Concurrent Refinement Workers: 13
 Periodic GC: Disabled

Heap:
 garbage-first heap   total 262144K, used 60572K [0x00000000e0000000, 0x0000000100000000)
  region size 1024K, 50 young (51200K), 7 survivors (7168K)
 Metaspace       used 13933K, committed 14208K, reserved 393216K
  class space    used 1906K, committed 2048K, reserved 327680K

Heap Regions: E=young(eden), S=young(survivor), O=old, HS=humongous(starts), HC=humongous(continues), CS=collection set, F=free, OA=open archive, CA=closed archive, TAMS=top-at-mark-start (previous, next)
|   0|0x00000000e0000000, 0x00000000e0100000, 0x00000000e0100000|100%| O|  |TAMS 0x00000000e0000000, 0x00000000e0000000| Untracked 
|   1|0x00000000e0100000, 0x00000000e0200000, 0x00000000e0200000|100%| O|  |TAMS 0x00000000e0100000, 0x00000000e0100000| Untracked 
|   2|0x00000000e0200000, 0x00000000e0300000, 0x00000000e0300000|100%|HS|  |TAMS 0x00000000e0200000, 0x00000000e0200000| Complete 
|   3|0x00000000e0300000, 0x00000000e0400000, 0x00000000e0400000|100%|HC|  |TAMS 0x00000000e0300000, 0x00000000e0300000| Complete 
|   4|0x00000000e0400000, 0x00000000e0500000, 0x00000000e0500000|100%|HC|  |TAMS 0x00000000e0400000, 0x00000000e0400000| Complete 
|   5|0x00000000e0500000, 0x00000000e0600000, 0x00000000e0600000|100%|HC|  |TAMS 0x00000000e0500000, 0x00000000e0500000| Complete 
|   6|0x00000000e0600000, 0x00000000e0700000, 0x00000000e0700000|100%| O|  |TAMS 0x00000000e0600000, 0x00000000e0600000| Untracked 
|   7|0x00000000e0700000, 0x00000000e0800000, 0x00000000e0800000|100%| O|  |TAMS 0x00000000e0700000, 0x00000000e0700000| Untracked 
|   8|0x00000000e0800000, 0x00000000e0900000, 0x00000000e0900000|100%| O|  |TAMS 0x00000000e0800000, 0x00000000e0800000| Untracked 
|   9|0x00000000e0900000, 0x00000000e0a00000, 0x00000000e0a00000|100%|HS|  |TAMS 0x00000000e0900000, 0x00000000e0900000| Complete 
|  10|0x00000000e0a00000, 0x00000000e0a00000, 0x00000000e0b00000|  0%| F|  |TAMS 0x00000000e0a00000, 0x00000000e0a00000| Untracked 
|  11|0x00000000e0b00000, 0x00000000e0b27000, 0x00000000e0c00000| 15%| O|  |TAMS 0x00000000e0b00000, 0x00000000e0b00000| Untracked 
|  12|0x00000000e0c00000, 0x00000000e0c00000, 0x00000000e0d00000|  0%| F|  |TAMS 0x00000000e0c00000, 0x00000000e0c00000| Untracked 
|  13|0x00000000e0d00000, 0x00000000e0d00000, 0x00000000e0e00000|  0%| F|  |TAMS 0x00000000e0d00000, 0x00000000e0d00000| Untracked 
|  14|0x00000000e0e00000, 0x00000000e0e00000, 0x00000000e0f00000|  0%| F|  |TAMS 0x00000000e0e00000, 0x00000000e0e00000| Untracked 
|  15|0x00000000e0f00000, 0x00000000e0f00000, 0x00000000e1000000|  0%| F|  |TAMS 0x00000000e0f00000, 0x00000000e0f00000| Untracked 
|  16|0x00000000e1000000, 0x00000000e1000000, 0x00000000e1100000|  0%| F|  |TAMS 0x00000000e1000000, 0x00000000e1000000| Untracked 
|  17|0x00000000e1100000, 0x00000000e1100000, 0x00000000e1200000|  0%| F|  |TAMS 0x00000000e1100000, 0x00000000e1100000| Untracked 
|  18|0x00000000e1200000, 0x00000000e1200000, 0x00000000e1300000|  0%| F|  |TAMS 0x00000000e1200000, 0x00000000e1200000| Untracked 
|  19|0x00000000e1300000, 0x00000000e1300000, 0x00000000e1400000|  0%| F|  |TAMS 0x00000000e1300000, 0x00000000e1300000| Untracked 
|  20|0x00000000e1400000, 0x00000000e1400000, 0x00000000e1500000|  0%| F|  |TAMS 0x00000000e1400000, 0x00000000e1400000| Untracked 
|  21|0x00000000e1500000, 0x00000000e1500000, 0x00000000e1600000|  0%| F|  |TAMS 0x00000000e1500000, 0x00000000e1500000| Untracked 
|  22|0x00000000e1600000, 0x00000000e1600000, 0x00000000e1700000|  0%| F|  |TAMS 0x00000000e1600000, 0x00000000e1600000| Untracked 
|  23|0x00000000e1700000, 0x00000000e1700000, 0x00000000e1800000|  0%| F|  |TAMS 0x00000000e1700000, 0x00000000e1700000| Untracked 
|  24|0x00000000e1800000, 0x00000000e1800000, 0x00000000e1900000|  0%| F|  |TAMS 0x00000000e1800000, 0x00000000e1800000| Untracked 
|  25|0x00000000e1900000, 0x00000000e1900000, 0x00000000e1a00000|  0%| F|  |TAMS 0x00000000e1900000, 0x00000000e1900000| Untracked 
|  26|0x00000000e1a00000, 0x00000000e1a00000, 0x00000000e1b00000|  0%| F|  |TAMS 0x00000000e1a00000, 0x00000000e1a00000| Untracked 
|  27|0x00000000e1b00000, 0x00000000e1b00000, 0x00000000e1c00000|  0%| F|  |TAMS 0x00000000e1b00000, 0x00000000e1b00000| Untracked 
|  28|0x00000000e1c00000, 0x00000000e1c00000, 0x00000000e1d00000|  0%| F|  |TAMS 0x00000000e1c00000, 0x00000000e1c00000| Untracked 
|  29|0x00000000e1d00000, 0x00000000e1d00000, 0x00000000e1e00000|  0%| F|  |TAMS 0x00000000e1d00000, 0x00000000e1d00000| Untracked 
|  30|0x00000000e1e00000, 0x00000000e1e00000, 0x00000000e1f00000|  0%| F|  |TAMS 0x00000000e1e00000, 0x00000000e1e00000| Untracked 
|  31|0x00000000e1f00000, 0x00000000e1f00000, 0x00000000e2000000|  0%| F|  |TAMS 0x00000000e1f00000, 0x00000000e1f00000| Untracked 
|  32|0x00000000e2000000, 0x00000000e2000000, 0x00000000e2100000|  0%| F|  |TAMS 0x00000000e2000000, 0x00000000e2000000| Untracked 
|  33|0x00000000e2100000, 0x00000000e2100000, 0x00000000e2200000|  0%| F|  |TAMS 0x00000000e2100000, 0x00000000e2100000| Untracked 
|  34|0x00000000e2200000, 0x00000000e2200000, 0x00000000e2300000|  0%| F|  |TAMS 0x00000000e2200000, 0x00000000e2200000| Untracked 
|  35|0x00000000e2300000, 0x00000000e2300000, 0x00000000e2400000|  0%| F|  |TAMS 0x00000000e2300000, 0x00000000e2300000| Untracked 
|  36|0x00000000e2400000, 0x00000000e2400000, 0x00000000e2500000|  0%| F|  |TAMS 0x00000000e2400000, 0x00000000e2400000| Untracked 
|  37|0x00000000e2500000, 0x00000000e2500000, 0x00000000e2600000|  0%| F|  |TAMS 0x00000000e2500000, 0x00000000e2500000| Untracked 
|  38|0x00000000e2600000, 0x00000000e2600000, 0x00000000e2700000|  0%| F|  |TAMS 0x00000000e2600000, 0x00000000e2600000| Untracked 
|  39|0x00000000e2700000, 0x00000000e2700000, 0x00000000e2800000|  0%| F|  |TAMS 0x00000000e2700000, 0x00000000e2700000| Untracked 
|  40|0x00000000e2800000, 0x00000000e2800000, 0x00000000e2900000|  0%| F|  |TAMS 0x00000000e2800000, 0x00000000e2800000| Untracked 
|  41|0x00000000e2900000, 0x00000000e2900000, 0x00000000e2a00000|  0%| F|  |TAMS 0x00000000e2900000, 0x00000000e2900000| Untracked 
|  42|0x00000000e2a00000, 0x00000000e2a00000, 0x00000000e2b00000|  0%| F|  |TAMS 0x00000000e2a00000, 0x00000000e2a00000| Untracked 
|  43|0x00000000e2b00000, 0x00000000e2b00000, 0x00000000e2c00000|  0%| F|  |TAMS 0x00000000e2b00000, 0x00000000e2b00000| Untracked 
|  44|0x00000000e2c00000, 0x00000000e2c00000, 0x00000000e2d00000|  0%| F|  |TAMS 0x00000000e2c00000, 0x00000000e2c00000| Untracked 
|  45|0x00000000e2d00000, 0x00000000e2d00000, 0x00000000e2e00000|  0%| F|  |TAMS 0x00000000e2d00000, 0x00000000e2d00000| Untracked 
|  46|0x00000000e2e00000, 0x00000000e2e00000, 0x00000000e2f00000|  0%| F|  |TAMS 0x00000000e2e00000, 0x00000000e2e00000| Untracked 
|  47|0x00000000e2f00000, 0x00000000e2f00000, 0x00000000e3000000|  0%| F|  |TAMS 0x00000000e2f00000, 0x00000000e2f00000| Untracked 
|  48|0x00000000e3000000, 0x00000000e3000000, 0x00000000e3100000|  0%| F|  |TAMS 0x00000000e3000000, 0x00000000e3000000| Untracked 
|  49|0x00000000e3100000, 0x00000000e3100000, 0x00000000e3200000|  0%| F|  |TAMS 0x00000000e3100000, 0x00000000e3100000| Untracked 
|  50|0x00000000e3200000, 0x00000000e3200000, 0x00000000e3300000|  0%| F|  |TAMS 0x00000000e3200000, 0x00000000e3200000| Untracked 
|  51|0x00000000e3300000, 0x00000000e3300000, 0x00000000e3400000|  0%| F|  |TAMS 0x00000000e3300000, 0x00000000e3300000| Untracked 
|  52|0x00000000e3400000, 0x00000000e3400000, 0x00000000e3500000|  0%| F|  |TAMS 0x00000000e3400000, 0x00000000e3400000| Untracked 
|  53|0x00000000e3500000, 0x00000000e3500000, 0x00000000e3600000|  0%| F|  |TAMS 0x00000000e3500000, 0x00000000e3500000| Untracked 
|  54|0x00000000e3600000, 0x00000000e3600000, 0x00000000e3700000|  0%| F|  |TAMS 0x00000000e3600000, 0x00000000e3600000| Untracked 
|  55|0x00000000e3700000, 0x00000000e3700000, 0x00000000e3800000|  0%| F|  |TAMS 0x00000000e3700000, 0x00000000e3700000| Untracked 
|  56|0x00000000e3800000, 0x00000000e3800000, 0x00000000e3900000|  0%| F|  |TAMS 0x00000000e3800000, 0x00000000e3800000| Untracked 
|  57|0x00000000e3900000, 0x00000000e3900000, 0x00000000e3a00000|  0%| F|  |TAMS 0x00000000e3900000, 0x00000000e3900000| Untracked 
|  58|0x00000000e3a00000, 0x00000000e3a00000, 0x00000000e3b00000|  0%| F|  |TAMS 0x00000000e3a00000, 0x00000000e3a00000| Untracked 
|  59|0x00000000e3b00000, 0x00000000e3b00000, 0x00000000e3c00000|  0%| F|  |TAMS 0x00000000e3b00000, 0x00000000e3b00000| Untracked 
|  60|0x00000000e3c00000, 0x00000000e3c00000, 0x00000000e3d00000|  0%| F|  |TAMS 0x00000000e3c00000, 0x00000000e3c00000| Untracked 
|  61|0x00000000e3d00000, 0x00000000e3d00000, 0x00000000e3e00000|  0%| F|  |TAMS 0x00000000e3d00000, 0x00000000e3d00000| Untracked 
|  62|0x00000000e3e00000, 0x00000000e3e00000, 0x00000000e3f00000|  0%| F|  |TAMS 0x00000000e3e00000, 0x00000000e3e00000| Untracked 
|  63|0x00000000e3f00000, 0x00000000e3f00000, 0x00000000e4000000|  0%| F|  |TAMS 0x00000000e3f00000, 0x00000000e3f00000| Untracked 
|  64|0x00000000e4000000, 0x00000000e4000000, 0x00000000e4100000|  0%| F|  |TAMS 0x00000000e4000000, 0x00000000e4000000| Untracked 
|  65|0x00000000e4100000, 0x00000000e4100000, 0x00000000e4200000|  0%| F|  |TAMS 0x00000000e4100000, 0x00000000e4100000| Untracked 
|  66|0x00000000e4200000, 0x00000000e4200000, 0x00000000e4300000|  0%| F|  |TAMS 0x00000000e4200000, 0x00000000e4200000| Untracked 
|  67|0x00000000e4300000, 0x00000000e4300000, 0x00000000e4400000|  0%| F|  |TAMS 0x00000000e4300000, 0x00000000e4300000| Untracked 
|  68|0x00000000e4400000, 0x00000000e4400000, 0x00000000e4500000|  0%| F|  |TAMS 0x00000000e4400000, 0x00000000e4400000| Untracked 
|  69|0x00000000e4500000, 0x00000000e4500000, 0x00000000e4600000|  0%| F|  |TAMS 0x00000000e4500000, 0x00000000e4500000| Untracked 
|  70|0x00000000e4600000, 0x00000000e4600000, 0x00000000e4700000|  0%| F|  |TAMS 0x00000000e4600000, 0x00000000e4600000| Untracked 
|  71|0x00000000e4700000, 0x00000000e4700000, 0x00000000e4800000|  0%| F|  |TAMS 0x00000000e4700000, 0x00000000e4700000| Untracked 
|  72|0x00000000e4800000, 0x00000000e4800000, 0x00000000e4900000|  0%| F|  |TAMS 0x00000000e4800000, 0x00000000e4800000| Untracked 
|  73|0x00000000e4900000, 0x00000000e4900000, 0x00000000e4a00000|  0%| F|  |TAMS 0x00000000e4900000, 0x00000000e4900000| Untracked 
|  74|0x00000000e4a00000, 0x00000000e4a00000, 0x00000000e4b00000|  0%| F|  |TAMS 0x00000000e4a00000, 0x00000000e4a00000| Untracked 
|  75|0x00000000e4b00000, 0x00000000e4b00000, 0x00000000e4c00000|  0%| F|  |TAMS 0x00000000e4b00000, 0x00000000e4b00000| Untracked 
|  76|0x00000000e4c00000, 0x00000000e4c00000, 0x00000000e4d00000|  0%| F|  |TAMS 0x00000000e4c00000, 0x00000000e4c00000| Untracked 
|  77|0x00000000e4d00000, 0x00000000e4d00000, 0x00000000e4e00000|  0%| F|  |TAMS 0x00000000e4d00000, 0x00000000e4d00000| Untracked 
|  78|0x00000000e4e00000, 0x00000000e4e00000, 0x00000000e4f00000|  0%| F|  |TAMS 0x00000000e4e00000, 0x00000000e4e00000| Untracked 
|  79|0x00000000e4f00000, 0x00000000e4f00000, 0x00000000e5000000|  0%| F|  |TAMS 0x00000000e4f00000, 0x00000000e4f00000| Untracked 
|  80|0x00000000e5000000, 0x00000000e5000000, 0x00000000e5100000|  0%| F|  |TAMS 0x00000000e5000000, 0x00000000e5000000| Untracked 
|  81|0x00000000e5100000, 0x00000000e5100000, 0x00000000e5200000|  0%| F|  |TAMS 0x00000000e5100000, 0x00000000e5100000| Untracked 
|  82|0x00000000e5200000, 0x00000000e5200000, 0x00000000e5300000|  0%| F|  |TAMS 0x00000000e5200000, 0x00000000e5200000| Untracked 
|  83|0x00000000e5300000, 0x00000000e5300000, 0x00000000e5400000|  0%| F|  |TAMS 0x00000000e5300000, 0x00000000e5300000| Untracked 
|  84|0x00000000e5400000, 0x00000000e5400000, 0x00000000e5500000|  0%| F|  |TAMS 0x00000000e5400000, 0x00000000e5400000| Untracked 
|  85|0x00000000e5500000, 0x00000000e5500000, 0x00000000e5600000|  0%| F|  |TAMS 0x00000000e5500000, 0x00000000e5500000| Untracked 
|  86|0x00000000e5600000, 0x00000000e5600000, 0x00000000e5700000|  0%| F|  |TAMS 0x00000000e5600000, 0x00000000e5600000| Untracked 
|  87|0x00000000e5700000, 0x00000000e5700000, 0x00000000e5800000|  0%| F|  |TAMS 0x00000000e5700000, 0x00000000e5700000| Untracked 
|  88|0x00000000e5800000, 0x00000000e5800000, 0x00000000e5900000|  0%| F|  |TAMS 0x00000000e5800000, 0x00000000e5800000| Untracked 
|  89|0x00000000e5900000, 0x00000000e5900000, 0x00000000e5a00000|  0%| F|  |TAMS 0x00000000e5900000, 0x00000000e5900000| Untracked 
|  90|0x00000000e5a00000, 0x00000000e5a00000, 0x00000000e5b00000|  0%| F|  |TAMS 0x00000000e5a00000, 0x00000000e5a00000| Untracked 
|  91|0x00000000e5b00000, 0x00000000e5b00000, 0x00000000e5c00000|  0%| F|  |TAMS 0x00000000e5b00000, 0x00000000e5b00000| Untracked 
|  92|0x00000000e5c00000, 0x00000000e5c00000, 0x00000000e5d00000|  0%| F|  |TAMS 0x00000000e5c00000, 0x00000000e5c00000| Untracked 
|  93|0x00000000e5d00000, 0x00000000e5d00000, 0x00000000e5e00000|  0%| F|  |TAMS 0x00000000e5d00000, 0x00000000e5d00000| Untracked 
|  94|0x00000000e5e00000, 0x00000000e5e00000, 0x00000000e5f00000|  0%| F|  |TAMS 0x00000000e5e00000, 0x00000000e5e00000| Untracked 
|  95|0x00000000e5f00000, 0x00000000e5f00000, 0x00000000e6000000|  0%| F|  |TAMS 0x00000000e5f00000, 0x00000000e5f00000| Untracked 
|  96|0x00000000e6000000, 0x00000000e6000000, 0x00000000e6100000|  0%| F|  |TAMS 0x00000000e6000000, 0x00000000e6000000| Untracked 
|  97|0x00000000e6100000, 0x00000000e6100000, 0x00000000e6200000|  0%| F|  |TAMS 0x00000000e6100000, 0x00000000e6100000| Untracked 
|  98|0x00000000e6200000, 0x00000000e6200000, 0x00000000e6300000|  0%| F|  |TAMS 0x00000000e6200000, 0x00000000e6200000| Untracked 
|  99|0x00000000e6300000, 0x00000000e6300000, 0x00000000e6400000|  0%| F|  |TAMS 0x00000000e6300000, 0x00000000e6300000| Untracked 
| 100|0x00000000e6400000, 0x00000000e6400000, 0x00000000e6500000|  0%| F|  |TAMS 0x00000000e6400000, 0x00000000e6400000| Untracked 
| 101|0x00000000e6500000, 0x00000000e6500000, 0x00000000e6600000|  0%| F|  |TAMS 0x00000000e6500000, 0x00000000e6500000| Untracked 
| 102|0x00000000e6600000, 0x00000000e6600000, 0x00000000e6700000|  0%| F|  |TAMS 0x00000000e6600000, 0x00000000e6600000| Untracked 
| 103|0x00000000e6700000, 0x00000000e6700000, 0x00000000e6800000|  0%| F|  |TAMS 0x00000000e6700000, 0x00000000e6700000| Untracked 
| 104|0x00000000e6800000, 0x00000000e6800000, 0x00000000e6900000|  0%| F|  |TAMS 0x00000000e6800000, 0x00000000e6800000| Untracked 
| 105|0x00000000e6900000, 0x00000000e6900000, 0x00000000e6a00000|  0%| F|  |TAMS 0x00000000e6900000, 0x00000000e6900000| Untracked 
| 106|0x00000000e6a00000, 0x00000000e6a00000, 0x00000000e6b00000|  0%| F|  |TAMS 0x00000000e6a00000, 0x00000000e6a00000| Untracked 
| 107|0x00000000e6b00000, 0x00000000e6b00000, 0x00000000e6c00000|  0%| F|  |TAMS 0x00000000e6b00000, 0x00000000e6b00000| Untracked 
| 108|0x00000000e6c00000, 0x00000000e6c00000, 0x00000000e6d00000|  0%| F|  |TAMS 0x00000000e6c00000, 0x00000000e6c00000| Untracked 
| 109|0x00000000e6d00000, 0x00000000e6d00000, 0x00000000e6e00000|  0%| F|  |TAMS 0x00000000e6d00000, 0x00000000e6d00000| Untracked 
| 110|0x00000000e6e00000, 0x00000000e6e00000, 0x00000000e6f00000|  0%| F|  |TAMS 0x00000000e6e00000, 0x00000000e6e00000| Untracked 
| 111|0x00000000e6f00000, 0x00000000e6f00000, 0x00000000e7000000|  0%| F|  |TAMS 0x00000000e6f00000, 0x00000000e6f00000| Untracked 
| 112|0x00000000e7000000, 0x00000000e7000000, 0x00000000e7100000|  0%| F|  |TAMS 0x00000000e7000000, 0x00000000e7000000| Untracked 
| 113|0x00000000e7100000, 0x00000000e7100000, 0x00000000e7200000|  0%| F|  |TAMS 0x00000000e7100000, 0x00000000e7100000| Untracked 
| 114|0x00000000e7200000, 0x00000000e7200000, 0x00000000e7300000|  0%| F|  |TAMS 0x00000000e7200000, 0x00000000e7200000| Untracked 
| 115|0x00000000e7300000, 0x00000000e7300000, 0x00000000e7400000|  0%| F|  |TAMS 0x00000000e7300000, 0x00000000e7300000| Untracked 
| 116|0x00000000e7400000, 0x00000000e7400000, 0x00000000e7500000|  0%| F|  |TAMS 0x00000000e7400000, 0x00000000e7400000| Untracked 
| 117|0x00000000e7500000, 0x00000000e7500000, 0x00000000e7600000|  0%| F|  |TAMS 0x00000000e7500000, 0x00000000e7500000| Untracked 
| 118|0x00000000e7600000, 0x00000000e7600000, 0x00000000e7700000|  0%| F|  |TAMS 0x00000000e7600000, 0x00000000e7600000| Untracked 
| 119|0x00000000e7700000, 0x00000000e7700000, 0x00000000e7800000|  0%| F|  |TAMS 0x00000000e7700000, 0x00000000e7700000| Untracked 
| 120|0x00000000e7800000, 0x00000000e7800000, 0x00000000e7900000|  0%| F|  |TAMS 0x00000000e7800000, 0x00000000e7800000| Untracked 
| 121|0x00000000e7900000, 0x00000000e7900000, 0x00000000e7a00000|  0%| F|  |TAMS 0x00000000e7900000, 0x00000000e7900000| Untracked 
| 122|0x00000000e7a00000, 0x00000000e7a00000, 0x00000000e7b00000|  0%| F|  |TAMS 0x00000000e7a00000, 0x00000000e7a00000| Untracked 
| 123|0x00000000e7b00000, 0x00000000e7b00000, 0x00000000e7c00000|  0%| F|  |TAMS 0x00000000e7b00000, 0x00000000e7b00000| Untracked 
| 124|0x00000000e7c00000, 0x00000000e7c00000, 0x00000000e7d00000|  0%| F|  |TAMS 0x00000000e7c00000, 0x00000000e7c00000| Untracked 
| 125|0x00000000e7d00000, 0x00000000e7d00000, 0x00000000e7e00000|  0%| F|  |TAMS 0x00000000e7d00000, 0x00000000e7d00000| Untracked 
| 126|0x00000000e7e00000, 0x00000000e7e00000, 0x00000000e7f00000|  0%| F|  |TAMS 0x00000000e7e00000, 0x00000000e7e00000| Untracked 
| 127|0x00000000e7f00000, 0x00000000e7f00000, 0x00000000e8000000|  0%| F|  |TAMS 0x00000000e7f00000, 0x00000000e7f00000| Untracked 
| 128|0x00000000e8000000, 0x00000000e8000000, 0x00000000e8100000|  0%| F|  |TAMS 0x00000000e8000000, 0x00000000e8000000| Untracked 
| 129|0x00000000e8100000, 0x00000000e8100000, 0x00000000e8200000|  0%| F|  |TAMS 0x00000000e8100000, 0x00000000e8100000| Untracked 
| 130|0x00000000e8200000, 0x00000000e8200000, 0x00000000e8300000|  0%| F|  |TAMS 0x00000000e8200000, 0x00000000e8200000| Untracked 
| 131|0x00000000e8300000, 0x00000000e8300000, 0x00000000e8400000|  0%| F|  |TAMS 0x00000000e8300000, 0x00000000e8300000| Untracked 
| 132|0x00000000e8400000, 0x00000000e8400000, 0x00000000e8500000|  0%| F|  |TAMS 0x00000000e8400000, 0x00000000e8400000| Untracked 
| 133|0x00000000e8500000, 0x00000000e8500000, 0x00000000e8600000|  0%| F|  |TAMS 0x00000000e8500000, 0x00000000e8500000| Untracked 
| 134|0x00000000e8600000, 0x00000000e8600000, 0x00000000e8700000|  0%| F|  |TAMS 0x00000000e8600000, 0x00000000e8600000| Untracked 
| 135|0x00000000e8700000, 0x00000000e8700000, 0x00000000e8800000|  0%| F|  |TAMS 0x00000000e8700000, 0x00000000e8700000| Untracked 
| 136|0x00000000e8800000, 0x00000000e8800000, 0x00000000e8900000|  0%| F|  |TAMS 0x00000000e8800000, 0x00000000e8800000| Untracked 
| 137|0x00000000e8900000, 0x00000000e8900000, 0x00000000e8a00000|  0%| F|  |TAMS 0x00000000e8900000, 0x00000000e8900000| Untracked 
| 138|0x00000000e8a00000, 0x00000000e8a00000, 0x00000000e8b00000|  0%| F|  |TAMS 0x00000000e8a00000, 0x00000000e8a00000| Untracked 
| 139|0x00000000e8b00000, 0x00000000e8b00000, 0x00000000e8c00000|  0%| F|  |TAMS 0x00000000e8b00000, 0x00000000e8b00000| Untracked 
| 140|0x00000000e8c00000, 0x00000000e8c00000, 0x00000000e8d00000|  0%| F|  |TAMS 0x00000000e8c00000, 0x00000000e8c00000| Untracked 
| 141|0x00000000e8d00000, 0x00000000e8d00000, 0x00000000e8e00000|  0%| F|  |TAMS 0x00000000e8d00000, 0x00000000e8d00000| Untracked 
| 142|0x00000000e8e00000, 0x00000000e8e00000, 0x00000000e8f00000|  0%| F|  |TAMS 0x00000000e8e00000, 0x00000000e8e00000| Untracked 
| 143|0x00000000e8f00000, 0x00000000e8f00000, 0x00000000e9000000|  0%| F|  |TAMS 0x00000000e8f00000, 0x00000000e8f00000| Untracked 
| 144|0x00000000e9000000, 0x00000000e9000000, 0x00000000e9100000|  0%| F|  |TAMS 0x00000000e9000000, 0x00000000e9000000| Untracked 
| 145|0x00000000e9100000, 0x00000000e9100000, 0x00000000e9200000|  0%| F|  |TAMS 0x00000000e9100000, 0x00000000e9100000| Untracked 
| 146|0x00000000e9200000, 0x00000000e9200000, 0x00000000e9300000|  0%| F|  |TAMS 0x00000000e9200000, 0x00000000e9200000| Untracked 
| 147|0x00000000e9300000, 0x00000000e9300000, 0x00000000e9400000|  0%| F|  |TAMS 0x00000000e9300000, 0x00000000e9300000| Untracked 
| 148|0x00000000e9400000, 0x00000000e9400000, 0x00000000e9500000|  0%| F|  |TAMS 0x00000000e9400000, 0x00000000e9400000| Untracked 
| 149|0x00000000e9500000, 0x00000000e9500000, 0x00000000e9600000|  0%| F|  |TAMS 0x00000000e9500000, 0x00000000e9500000| Untracked 
| 150|0x00000000e9600000, 0x00000000e9600000, 0x00000000e9700000|  0%| F|  |TAMS 0x00000000e9600000, 0x00000000e9600000| Untracked 
| 151|0x00000000e9700000, 0x00000000e9700000, 0x00000000e9800000|  0%| F|  |TAMS 0x00000000e9700000, 0x00000000e9700000| Untracked 
| 152|0x00000000e9800000, 0x00000000e9800000, 0x00000000e9900000|  0%| F|  |TAMS 0x00000000e9800000, 0x00000000e9800000| Untracked 
| 153|0x00000000e9900000, 0x00000000e9900000, 0x00000000e9a00000|  0%| F|  |TAMS 0x00000000e9900000, 0x00000000e9900000| Untracked 
| 154|0x00000000e9a00000, 0x00000000e9a00000, 0x00000000e9b00000|  0%| F|  |TAMS 0x00000000e9a00000, 0x00000000e9a00000| Untracked 
| 155|0x00000000e9b00000, 0x00000000e9b00000, 0x00000000e9c00000|  0%| F|  |TAMS 0x00000000e9b00000, 0x00000000e9b00000| Untracked 
| 156|0x00000000e9c00000, 0x00000000e9c00000, 0x00000000e9d00000|  0%| F|  |TAMS 0x00000000e9c00000, 0x00000000e9c00000| Untracked 
| 157|0x00000000e9d00000, 0x00000000e9d00000, 0x00000000e9e00000|  0%| F|  |TAMS 0x00000000e9d00000, 0x00000000e9d00000| Untracked 
| 158|0x00000000e9e00000, 0x00000000e9e00000, 0x00000000e9f00000|  0%| F|  |TAMS 0x00000000e9e00000, 0x00000000e9e00000| Untracked 
| 159|0x00000000e9f00000, 0x00000000e9f00000, 0x00000000ea000000|  0%| F|  |TAMS 0x00000000e9f00000, 0x00000000e9f00000| Untracked 
| 160|0x00000000ea000000, 0x00000000ea000000, 0x00000000ea100000|  0%| F|  |TAMS 0x00000000ea000000, 0x00000000ea000000| Untracked 
| 161|0x00000000ea100000, 0x00000000ea100000, 0x00000000ea200000|  0%| F|  |TAMS 0x00000000ea100000, 0x00000000ea100000| Untracked 
| 162|0x00000000ea200000, 0x00000000ea200000, 0x00000000ea300000|  0%| F|  |TAMS 0x00000000ea200000, 0x00000000ea200000| Untracked 
| 163|0x00000000ea300000, 0x00000000ea300000, 0x00000000ea400000|  0%| F|  |TAMS 0x00000000ea300000, 0x00000000ea300000| Untracked 
| 164|0x00000000ea400000, 0x00000000ea400000, 0x00000000ea500000|  0%| F|  |TAMS 0x00000000ea400000, 0x00000000ea400000| Untracked 
| 165|0x00000000ea500000, 0x00000000ea500000, 0x00000000ea600000|  0%| F|  |TAMS 0x00000000ea500000, 0x00000000ea500000| Untracked 
| 166|0x00000000ea600000, 0x00000000ea600000, 0x00000000ea700000|  0%| F|  |TAMS 0x00000000ea600000, 0x00000000ea600000| Untracked 
| 167|0x00000000ea700000, 0x00000000ea700000, 0x00000000ea800000|  0%| F|  |TAMS 0x00000000ea700000, 0x00000000ea700000| Untracked 
| 168|0x00000000ea800000, 0x00000000ea800000, 0x00000000ea900000|  0%| F|  |TAMS 0x00000000ea800000, 0x00000000ea800000| Untracked 
| 169|0x00000000ea900000, 0x00000000ea900000, 0x00000000eaa00000|  0%| F|  |TAMS 0x00000000ea900000, 0x00000000ea900000| Untracked 
| 170|0x00000000eaa00000, 0x00000000eaa00000, 0x00000000eab00000|  0%| F|  |TAMS 0x00000000eaa00000, 0x00000000eaa00000| Untracked 
| 171|0x00000000eab00000, 0x00000000eab00000, 0x00000000eac00000|  0%| F|  |TAMS 0x00000000eab00000, 0x00000000eab00000| Untracked 
| 172|0x00000000eac00000, 0x00000000eac00000, 0x00000000ead00000|  0%| F|  |TAMS 0x00000000eac00000, 0x00000000eac00000| Untracked 
| 173|0x00000000ead00000, 0x00000000ead00000, 0x00000000eae00000|  0%| F|  |TAMS 0x00000000ead00000, 0x00000000ead00000| Untracked 
| 174|0x00000000eae00000, 0x00000000eae00000, 0x00000000eaf00000|  0%| F|  |TAMS 0x00000000eae00000, 0x00000000eae00000| Untracked 
| 175|0x00000000eaf00000, 0x00000000eaf00000, 0x00000000eb000000|  0%| F|  |TAMS 0x00000000eaf00000, 0x00000000eaf00000| Untracked 
| 176|0x00000000eb000000, 0x00000000eb000000, 0x00000000eb100000|  0%| F|  |TAMS 0x00000000eb000000, 0x00000000eb000000| Untracked 
| 177|0x00000000eb100000, 0x00000000eb100000, 0x00000000eb200000|  0%| F|  |TAMS 0x00000000eb100000, 0x00000000eb100000| Untracked 
| 178|0x00000000eb200000, 0x00000000eb200000, 0x00000000eb300000|  0%| F|  |TAMS 0x00000000eb200000, 0x00000000eb200000| Untracked 
| 179|0x00000000eb300000, 0x00000000eb300000, 0x00000000eb400000|  0%| F|  |TAMS 0x00000000eb300000, 0x00000000eb300000| Untracked 
| 180|0x00000000eb400000, 0x00000000eb400000, 0x00000000eb500000|  0%| F|  |TAMS 0x00000000eb400000, 0x00000000eb400000| Untracked 
| 181|0x00000000eb500000, 0x00000000eb500000, 0x00000000eb600000|  0%| F|  |TAMS 0x00000000eb500000, 0x00000000eb500000| Untracked 
| 182|0x00000000eb600000, 0x00000000eb600000, 0x00000000eb700000|  0%| F|  |TAMS 0x00000000eb600000, 0x00000000eb600000| Untracked 
| 183|0x00000000eb700000, 0x00000000eb700000, 0x00000000eb800000|  0%| F|  |TAMS 0x00000000eb700000, 0x00000000eb700000| Untracked 
| 184|0x00000000eb800000, 0x00000000eb800000, 0x00000000eb900000|  0%| F|  |TAMS 0x00000000eb800000, 0x00000000eb800000| Untracked 
| 185|0x00000000eb900000, 0x00000000eb900000, 0x00000000eba00000|  0%| F|  |TAMS 0x00000000eb900000, 0x00000000eb900000| Untracked 
| 186|0x00000000eba00000, 0x00000000eba00000, 0x00000000ebb00000|  0%| F|  |TAMS 0x00000000eba00000, 0x00000000eba00000| Untracked 
| 187|0x00000000ebb00000, 0x00000000ebb00000, 0x00000000ebc00000|  0%| F|  |TAMS 0x00000000ebb00000, 0x00000000ebb00000| Untracked 
| 188|0x00000000ebc00000, 0x00000000ebc00000, 0x00000000ebd00000|  0%| F|  |TAMS 0x00000000ebc00000, 0x00000000ebc00000| Untracked 
| 189|0x00000000ebd00000, 0x00000000ebd00000, 0x00000000ebe00000|  0%| F|  |TAMS 0x00000000ebd00000, 0x00000000ebd00000| Untracked 
| 190|0x00000000ebe00000, 0x00000000ebe00000, 0x00000000ebf00000|  0%| F|  |TAMS 0x00000000ebe00000, 0x00000000ebe00000| Untracked 
| 191|0x00000000ebf00000, 0x00000000ebf00000, 0x00000000ec000000|  0%| F|  |TAMS 0x00000000ebf00000, 0x00000000ebf00000| Untracked 
| 192|0x00000000ec000000, 0x00000000ec000000, 0x00000000ec100000|  0%| F|  |TAMS 0x00000000ec000000, 0x00000000ec000000| Untracked 
| 193|0x00000000ec100000, 0x00000000ec100000, 0x00000000ec200000|  0%| F|  |TAMS 0x00000000ec100000, 0x00000000ec100000| Untracked 
| 194|0x00000000ec200000, 0x00000000ec200000, 0x00000000ec300000|  0%| F|  |TAMS 0x00000000ec200000, 0x00000000ec200000| Untracked 
| 195|0x00000000ec300000, 0x00000000ec300000, 0x00000000ec400000|  0%| F|  |TAMS 0x00000000ec300000, 0x00000000ec300000| Untracked 
| 196|0x00000000ec400000, 0x00000000ec400000, 0x00000000ec500000|  0%| F|  |TAMS 0x00000000ec400000, 0x00000000ec400000| Untracked 
| 197|0x00000000ec500000, 0x00000000ec500000, 0x00000000ec600000|  0%| F|  |TAMS 0x00000000ec500000, 0x00000000ec500000| Untracked 
| 198|0x00000000ec600000, 0x00000000ec600000, 0x00000000ec700000|  0%| F|  |TAMS 0x00000000ec600000, 0x00000000ec600000| Untracked 
| 199|0x00000000ec700000, 0x00000000ec800000, 0x00000000ec800000|100%| S|CS|TAMS 0x00000000ec700000, 0x00000000ec700000| Complete 
| 200|0x00000000ec800000, 0x00000000ec900000, 0x00000000ec900000|100%| S|CS|TAMS 0x00000000ec800000, 0x00000000ec800000| Complete 
| 201|0x00000000ec900000, 0x00000000eca00000, 0x00000000eca00000|100%| S|CS|TAMS 0x00000000ec900000, 0x00000000ec900000| Complete 
| 202|0x00000000eca00000, 0x00000000ecb00000, 0x00000000ecb00000|100%| S|CS|TAMS 0x00000000eca00000, 0x00000000eca00000| Complete 
| 203|0x00000000ecb00000, 0x00000000ecc00000, 0x00000000ecc00000|100%| S|CS|TAMS 0x00000000ecb00000, 0x00000000ecb00000| Complete 
| 204|0x00000000ecc00000, 0x00000000ecd00000, 0x00000000ecd00000|100%| S|CS|TAMS 0x00000000ecc00000, 0x00000000ecc00000| Complete 
| 205|0x00000000ecd00000, 0x00000000ece00000, 0x00000000ece00000|100%| S|CS|TAMS 0x00000000ecd00000, 0x00000000ecd00000| Complete 
| 206|0x00000000ece00000, 0x00000000ece00000, 0x00000000ecf00000|  0%| F|  |TAMS 0x00000000ece00000, 0x00000000ece00000| Untracked 
| 207|0x00000000ecf00000, 0x00000000ecf00000, 0x00000000ed000000|  0%| F|  |TAMS 0x00000000ecf00000, 0x00000000ecf00000| Untracked 
| 208|0x00000000ed000000, 0x00000000ed000000, 0x00000000ed100000|  0%| F|  |TAMS 0x00000000ed000000, 0x00000000ed000000| Untracked 
| 209|0x00000000ed100000, 0x00000000ed100000, 0x00000000ed200000|  0%| F|  |TAMS 0x00000000ed100000, 0x00000000ed100000| Untracked 
| 210|0x00000000ed200000, 0x00000000ed200000, 0x00000000ed300000|  0%| F|  |TAMS 0x00000000ed200000, 0x00000000ed200000| Untracked 
| 211|0x00000000ed300000, 0x00000000ed300000, 0x00000000ed400000|  0%| F|  |TAMS 0x00000000ed300000, 0x00000000ed300000| Untracked 
| 212|0x00000000ed400000, 0x00000000ed400000, 0x00000000ed500000|  0%| F|  |TAMS 0x00000000ed400000, 0x00000000ed400000| Untracked 
| 213|0x00000000ed500000, 0x00000000ed600000, 0x00000000ed600000|100%| E|  |TAMS 0x00000000ed500000, 0x00000000ed500000| Complete 
| 214|0x00000000ed600000, 0x00000000ed700000, 0x00000000ed700000|100%| E|CS|TAMS 0x00000000ed600000, 0x00000000ed600000| Complete 
| 215|0x00000000ed700000, 0x00000000ed800000, 0x00000000ed800000|100%| E|CS|TAMS 0x00000000ed700000, 0x00000000ed700000| Complete 
| 216|0x00000000ed800000, 0x00000000ed900000, 0x00000000ed900000|100%| E|CS|TAMS 0x00000000ed800000, 0x00000000ed800000| Complete 
| 217|0x00000000ed900000, 0x00000000eda00000, 0x00000000eda00000|100%| E|CS|TAMS 0x00000000ed900000, 0x00000000ed900000| Complete 
| 218|0x00000000eda00000, 0x00000000edb00000, 0x00000000edb00000|100%| E|CS|TAMS 0x00000000eda00000, 0x00000000eda00000| Complete 
| 219|0x00000000edb00000, 0x00000000edc00000, 0x00000000edc00000|100%| E|CS|TAMS 0x00000000edb00000, 0x00000000edb00000| Complete 
| 220|0x00000000edc00000, 0x00000000edd00000, 0x00000000edd00000|100%| E|CS|TAMS 0x00000000edc00000, 0x00000000edc00000| Complete 
| 221|0x00000000edd00000, 0x00000000ede00000, 0x00000000ede00000|100%| E|CS|TAMS 0x00000000edd00000, 0x00000000edd00000| Complete 
| 222|0x00000000ede00000, 0x00000000edf00000, 0x00000000edf00000|100%| E|CS|TAMS 0x00000000ede00000, 0x00000000ede00000| Complete 
| 223|0x00000000edf00000, 0x00000000ee000000, 0x00000000ee000000|100%| E|CS|TAMS 0x00000000edf00000, 0x00000000edf00000| Complete 
| 224|0x00000000ee000000, 0x00000000ee100000, 0x00000000ee100000|100%| E|CS|TAMS 0x00000000ee000000, 0x00000000ee000000| Complete 
| 225|0x00000000ee100000, 0x00000000ee200000, 0x00000000ee200000|100%| E|CS|TAMS 0x00000000ee100000, 0x00000000ee100000| Complete 
| 226|0x00000000ee200000, 0x00000000ee300000, 0x00000000ee300000|100%| E|CS|TAMS 0x00000000ee200000, 0x00000000ee200000| Complete 
| 227|0x00000000ee300000, 0x00000000ee400000, 0x00000000ee400000|100%| E|CS|TAMS 0x00000000ee300000, 0x00000000ee300000| Complete 
| 228|0x00000000ee400000, 0x00000000ee500000, 0x00000000ee500000|100%| E|CS|TAMS 0x00000000ee400000, 0x00000000ee400000| Complete 
| 229|0x00000000ee500000, 0x00000000ee600000, 0x00000000ee600000|100%| E|CS|TAMS 0x00000000ee500000, 0x00000000ee500000| Complete 
| 230|0x00000000ee600000, 0x00000000ee700000, 0x00000000ee700000|100%| E|CS|TAMS 0x00000000ee600000, 0x00000000ee600000| Complete 
| 231|0x00000000ee700000, 0x00000000ee800000, 0x00000000ee800000|100%| E|CS|TAMS 0x00000000ee700000, 0x00000000ee700000| Complete 
| 232|0x00000000ee800000, 0x00000000ee900000, 0x00000000ee900000|100%| E|CS|TAMS 0x00000000ee800000, 0x00000000ee800000| Complete 
| 233|0x00000000ee900000, 0x00000000eea00000, 0x00000000eea00000|100%| E|CS|TAMS 0x00000000ee900000, 0x00000000ee900000| Complete 
| 234|0x00000000eea00000, 0x00000000eeb00000, 0x00000000eeb00000|100%| E|CS|TAMS 0x00000000eea00000, 0x00000000eea00000| Complete 
| 235|0x00000000eeb00000, 0x00000000eec00000, 0x00000000eec00000|100%| E|CS|TAMS 0x00000000eeb00000, 0x00000000eeb00000| Complete 
| 236|0x00000000eec00000, 0x00000000eed00000, 0x00000000eed00000|100%| E|CS|TAMS 0x00000000eec00000, 0x00000000eec00000| Complete 
| 237|0x00000000eed00000, 0x00000000eee00000, 0x00000000eee00000|100%| E|CS|TAMS 0x00000000eed00000, 0x00000000eed00000| Complete 
| 238|0x00000000eee00000, 0x00000000eef00000, 0x00000000eef00000|100%| E|CS|TAMS 0x00000000eee00000, 0x00000000eee00000| Complete 
| 239|0x00000000eef00000, 0x00000000ef000000, 0x00000000ef000000|100%| E|CS|TAMS 0x00000000eef00000, 0x00000000eef00000| Complete 
| 240|0x00000000ef000000, 0x00000000ef100000, 0x00000000ef100000|100%| E|CS|TAMS 0x00000000ef000000, 0x00000000ef000000| Complete 
| 241|0x00000000ef100000, 0x00000000ef200000, 0x00000000ef200000|100%| E|CS|TAMS 0x00000000ef100000, 0x00000000ef100000| Complete 
| 242|0x00000000ef200000, 0x00000000ef300000, 0x00000000ef300000|100%| E|CS|TAMS 0x00000000ef200000, 0x00000000ef200000| Complete 
| 243|0x00000000ef300000, 0x00000000ef400000, 0x00000000ef400000|100%| E|CS|TAMS 0x00000000ef300000, 0x00000000ef300000| Complete 
| 244|0x00000000ef400000, 0x00000000ef500000, 0x00000000ef500000|100%| E|CS|TAMS 0x00000000ef400000, 0x00000000ef400000| Complete 
| 245|0x00000000ef500000, 0x00000000ef600000, 0x00000000ef600000|100%| E|CS|TAMS 0x00000000ef500000, 0x00000000ef500000| Complete 
| 246|0x00000000ef600000, 0x00000000ef700000, 0x00000000ef700000|100%| E|CS|TAMS 0x00000000ef600000, 0x00000000ef600000| Complete 
| 247|0x00000000ef700000, 0x00000000ef800000, 0x00000000ef800000|100%| E|CS|TAMS 0x00000000ef700000, 0x00000000ef700000| Complete 
| 248|0x00000000ef800000, 0x00000000ef900000, 0x00000000ef900000|100%| E|CS|TAMS 0x00000000ef800000, 0x00000000ef800000| Complete 
| 249|0x00000000ef900000, 0x00000000efa00000, 0x00000000efa00000|100%| E|CS|TAMS 0x00000000ef900000, 0x00000000ef900000| Complete 
| 250|0x00000000efa00000, 0x00000000efb00000, 0x00000000efb00000|100%| E|CS|TAMS 0x00000000efa00000, 0x00000000efa00000| Complete 
| 251|0x00000000efb00000, 0x00000000efc00000, 0x00000000efc00000|100%| E|CS|TAMS 0x00000000efb00000, 0x00000000efb00000| Complete 
| 252|0x00000000efc00000, 0x00000000efd00000, 0x00000000efd00000|100%| E|CS|TAMS 0x00000000efc00000, 0x00000000efc00000| Complete 
| 253|0x00000000efd00000, 0x00000000efe00000, 0x00000000efe00000|100%| E|CS|TAMS 0x00000000efd00000, 0x00000000efd00000| Complete 
| 254|0x00000000efe00000, 0x00000000eff00000, 0x00000000eff00000|100%| E|CS|TAMS 0x00000000efe00000, 0x00000000efe00000| Complete 
| 255|0x00000000eff00000, 0x00000000f0000000, 0x00000000f0000000|100%| E|CS|TAMS 0x00000000eff00000, 0x00000000eff00000| Complete 

Card table byte_map: [0x0000023266230000,0x0000023266330000] _byte_map_base: 0x0000023265b30000

Marking Bits (Prev, Next): (CMBitMap*) 0x000002324d0b5f00, (CMBitMap*) 0x000002324d0b5f40
 Prev Bits: [0x0000023266430000, 0x0000023266c30000)
 Next Bits: [0x0000023266c30000, 0x0000023267430000)

Polling page: 0x000002324cdb0000

Metaspace:

Usage:
  Non-class:     11.78 MB used.
      Class:      1.87 MB used.
       Both:     13.65 MB used.

Virtual space:
  Non-class space:       64.00 MB reserved,      11.94 MB ( 19%) committed,  1 nodes.
      Class space:      320.00 MB reserved,       2.00 MB ( <1%) committed,  1 nodes.
             Both:      384.00 MB reserved,      13.94 MB (  4%) committed. 

Chunk freelists:
   Non-Class:  3.72 MB
       Class:  14.00 MB
        Both:  17.72 MB

MaxMetaspaceSize: 384.00 MB
CompressedClassSpaceSize: 320.00 MB
Initial GC threshold: 21.00 MB
Current GC threshold: 21.00 MB
CDS: on
MetaspaceReclaimPolicy: balanced
 - commit_granule_bytes: 65536.
 - commit_granule_words: 8192.
 - virtual_space_node_default_size: 8388608.
 - enlarge_chunks_in_place: 1.
 - new_chunks_are_fully_committed: 0.
 - uncommit_free_chunks: 1.
 - use_allocation_guard: 0.
 - handle_deallocations: 1.


Internal statistics:

num_allocs_failed_limit: 0.
num_arena_births: 174.
num_arena_deaths: 0.
num_vsnodes_births: 2.
num_vsnodes_deaths: 0.
num_space_committed: 223.
num_space_uncommitted: 0.
num_chunks_returned_to_freelist: 0.
num_chunks_taken_from_freelist: 589.
num_chunk_merges: 0.
num_chunk_splits: 401.
num_chunks_enlarged: 311.
num_inconsistent_stats: 0.

CodeHeap 'non-profiled nmethods': size=119168Kb used=1230Kb max_used=1230Kb free=117938Kb
 bounds [0x000002325dd20000, 0x000002325df90000, 0x0000023265180000]
CodeHeap 'profiled nmethods': size=119104Kb used=5203Kb max_used=5203Kb free=113900Kb
 bounds [0x0000023256180000, 0x00000232566a0000, 0x000002325d5d0000]
CodeHeap 'non-nmethods': size=7488Kb used=2912Kb max_used=2928Kb free=4575Kb
 bounds [0x000002325d5d0000, 0x000002325d8b0000, 0x000002325dd20000]
 total_blobs=3032 nmethods=2503 adapters=438
 compilation: enabled
              stopped_count=0, restarted_count=0
 full_count=0

Compilation events (20 events):
Event: 2.398 Thread 0x000002321926c520 2483   !   3       jdk.proxy1.$Proxy2::annotationType (29 bytes)
Event: 2.399 Thread 0x0000023219170090 2484       3       org.gradle.internal.service.DefaultServiceRegistry::determineAccessScope (30 bytes)
Event: 2.399 Thread 0x0000023219288c20 2485       3       org.gradle.internal.service.DefaultServiceRegistry$FactoryMethodService::<init> (17 bytes)
Event: 2.399 Thread 0x0000023219269bf0 nmethod 2482 0x0000023256680b10 code [0x0000023256680ce0, 0x0000023256681068]
Event: 2.399 Thread 0x000002321926c520 nmethod 2483 0x0000023256681210 code [0x00000232566813e0, 0x00000232566817d8]
Event: 2.399 Thread 0x0000023219269bf0 2486       3       org.gradle.internal.service.DefaultServiceRegistry$FactoryMethodService::serviceTypesOf (42 bytes)
Event: 2.399 Thread 0x000002321926c520 2487   !   3       jdk.proxy1.$Proxy2::value (29 bytes)
Event: 2.399 Thread 0x0000023219288c20 nmethod 2485 0x0000023256681990 code [0x0000023256681b40, 0x0000023256681cf8]
Event: 2.399 Thread 0x0000023219288c20 2488       3       org.gradle.internal.service.DefaultServiceRegistry$FactoryMethodService::<init> (34 bytes)
Event: 2.399 Thread 0x000002321926c520 nmethod 2487 0x0000023256681e10 code [0x0000023256681fe0, 0x00000232566823d8]
Event: 2.399 Thread 0x0000023219170090 nmethod 2484 0x0000023256682590 code [0x00000232566827e0, 0x0000023256683318]
Event: 2.399 Thread 0x0000023219288c20 nmethod 2488 0x0000023256683690 code [0x0000023256683860, 0x0000023256683cb8]
Event: 2.400 Thread 0x0000023219269bf0 nmethod 2486 0x0000023256683f10 code [0x00000232566841e0, 0x00000232566852f8]
Event: 2.405 Thread 0x0000023219288c20 2489       3       java.io.WinNTFileSystem::normalize (143 bytes)
Event: 2.406 Thread 0x0000023219288c20 nmethod 2489 0x0000023256685890 code [0x0000023256685b20, 0x00000232566866f8]
Event: 2.406 Thread 0x000002321926c520 2490   !   3       jdk.internal.reflect.GeneratedConstructorAccessor1::newInstance (53 bytes)
Event: 2.407 Thread 0x000002321926c520 nmethod 2490 0x0000023256686b90 code [0x0000023256686dc0, 0x0000023256687668]
Event: 2.411 Thread 0x0000023219269bf0 2491       3       jdk.internal.misc.Unsafe::getAndAddInt (27 bytes)
Event: 2.411 Thread 0x0000023219269bf0 nmethod 2491 0x0000023256687a90 code [0x0000023256687c40, 0x0000023256687e88]
Event: 2.413 Thread 0x00000232192c16e0 nmethod 2481 0x000002325de50910 code [0x000002325de50b20, 0x000002325de52128]

GC Heap History (6 events):
Event: 0.337 GC heap before
{Heap before GC invocations=0 (full 0):
 garbage-first heap   total 262144K, used 22528K [0x00000000e0000000, 0x0000000100000000)
  region size 1024K, 23 young (23552K), 0 survivors (0K)
 Metaspace       used 1115K, committed 1280K, reserved 393216K
  class space    used 73K, committed 128K, reserved 327680K
}
Event: 0.339 GC heap after
{Heap after GC invocations=1 (full 0):
 garbage-first heap   total 262144K, used 4183K [0x00000000e0000000, 0x0000000100000000)
  region size 1024K, 3 young (3072K), 3 survivors (3072K)
 Metaspace       used 1115K, committed 1280K, reserved 393216K
  class space    used 73K, committed 128K, reserved 327680K
}
Event: 0.939 GC heap before
{Heap before GC invocations=1 (full 0):
 garbage-first heap   total 262144K, used 41047K [0x00000000e0000000, 0x0000000100000000)
  region size 1024K, 35 young (35840K), 3 survivors (3072K)
 Metaspace       used 4433K, committed 4608K, reserved 393216K
  class space    used 542K, committed 640K, reserved 327680K
}
Event: 0.943 GC heap after
{Heap after GC invocations=2 (full 0):
 garbage-first heap   total 262144K, used 12150K [0x00000000e0000000, 0x0000000100000000)
  region size 1024K, 4 young (4096K), 4 survivors (4096K)
 Metaspace       used 4433K, committed 4608K, reserved 393216K
  class space    used 542K, committed 640K, reserved 327680K
}
Event: 1.499 GC heap before
{Heap before GC invocations=2 (full 0):
 garbage-first heap   total 262144K, used 61302K [0x00000000e0000000, 0x0000000100000000)
  region size 1024K, 50 young (51200K), 4 survivors (4096K)
 Metaspace       used 5154K, committed 5376K, reserved 393216K
  class space    used 668K, committed 768K, reserved 327680K
}
Event: 1.502 GC heap after
{Heap after GC invocations=3 (full 0):
 garbage-first heap   total 262144K, used 17564K [0x00000000e0000000, 0x0000000100000000)
  region size 1024K, 7 young (7168K), 7 survivors (7168K)
 Metaspace       used 5154K, committed 5376K, reserved 393216K
  class space    used 668K, committed 768K, reserved 327680K
}

Dll operation events (15 events):
Event: 0.008 Loaded shared library C:\Users\xrcla\.jdks\temurin-17.0.12\bin\java.dll
Event: 0.021 Loaded shared library C:\Users\xrcla\.jdks\temurin-17.0.12\bin\jsvml.dll
Event: 0.057 Loaded shared library C:\Users\xrcla\.jdks\temurin-17.0.12\bin\zip.dll
Event: 0.059 Loaded shared library C:\Users\xrcla\.jdks\temurin-17.0.12\bin\instrument.dll
Event: 0.064 Loaded shared library C:\Users\xrcla\.jdks\temurin-17.0.12\bin\net.dll
Event: 0.065 Loaded shared library C:\Users\xrcla\.jdks\temurin-17.0.12\bin\nio.dll
Event: 0.067 Loaded shared library C:\Users\xrcla\.jdks\temurin-17.0.12\bin\zip.dll
Event: 0.260 Loaded shared library C:\Users\xrcla\.jdks\temurin-17.0.12\bin\jimage.dll
Event: 0.374 Loaded shared library C:\Users\xrcla\.jdks\temurin-17.0.12\bin\verify.dll
Event: 0.545 Loaded shared library C:\Users\xrcla\.gradle\native\c067742578af261105cb4f569cf0c3c89f3d7b1fecec35dd04571415982c5e48\windows-amd64\native-platform.dll
Event: 0.558 Loaded shared library C:\Users\xrcla\.gradle\native\100fb08df4bc3b14c8652ba06237920a3bd2aa13389f12d3474272988ae205f9\windows-amd64\native-platform-file-events.dll
Event: 1.601 Loaded shared library C:\Users\xrcla\.jdks\temurin-17.0.12\bin\management.dll
Event: 1.602 Loaded shared library C:\Users\xrcla\.jdks\temurin-17.0.12\bin\management_ext.dll
Event: 1.782 Loaded shared library C:\Users\xrcla\.jdks\temurin-17.0.12\bin\extnet.dll
Event: 2.023 Loaded shared library C:\Users\xrcla\.jdks\temurin-17.0.12\bin\sunmscapi.dll

Deoptimization events (20 events):
Event: 2.086 Thread 0x000002321b6fa450 DEOPT PACKING pc=0x000002325ddc6214 sp=0x000000865e6fdda0
Event: 2.086 Thread 0x000002321b6fa450 DEOPT UNPACKING pc=0x000002325d6269a3 sp=0x000000865e6fdce8 mode 2
Event: 2.086 Thread 0x000002321b6fa450 Uncommon trap: trap_request=0xffffff45 fr.pc=0x000002325dd3e310 relative=0x0000000000000430
Event: 2.086 Thread 0x000002321b6fa450 Uncommon trap: reason=unstable_if action=reinterpret pc=0x000002325dd3e310 method=java.util.regex.Matcher.match(II)Z @ 76 c2
Event: 2.086 Thread 0x000002321b6fa450 DEOPT PACKING pc=0x000002325dd3e310 sp=0x000000865e6fdda0
Event: 2.086 Thread 0x000002321b6fa450 DEOPT UNPACKING pc=0x000002325d6269a3 sp=0x000000865e6fdd70 mode 2
Event: 2.237 Thread 0x000002321b951ce0 Uncommon trap: trap_request=0xffffff45 fr.pc=0x000002325ddda914 relative=0x00000000000003d4
Event: 2.237 Thread 0x000002321b951ce0 Uncommon trap: reason=unstable_if action=reinterpret pc=0x000002325ddda914 method=java.util.HashMap.getNode(Ljava/lang/Object;)Ljava/util/HashMap$Node; @ 66 c2
Event: 2.237 Thread 0x000002321b951ce0 DEOPT PACKING pc=0x000002325ddda914 sp=0x000000865e8fbfa0
Event: 2.237 Thread 0x000002321b951ce0 DEOPT UNPACKING pc=0x000002325d6269a3 sp=0x000000865e8fbec0 mode 2
Event: 2.237 Thread 0x000002321b951ce0 Uncommon trap: trap_request=0xffffff45 fr.pc=0x000002325dd5f6f4 relative=0x00000000000003b4
Event: 2.237 Thread 0x000002321b951ce0 Uncommon trap: reason=unstable_if action=reinterpret pc=0x000002325dd5f6f4 method=java.util.HashMap.getNode(Ljava/lang/Object;)Ljava/util/HashMap$Node; @ 66 c2
Event: 2.237 Thread 0x000002321b951ce0 DEOPT PACKING pc=0x000002325dd5f6f4 sp=0x000000865e8fbf30
Event: 2.237 Thread 0x000002321b951ce0 DEOPT UNPACKING pc=0x000002325d6269a3 sp=0x000000865e8fbec0 mode 2
Event: 2.245 Thread 0x000002321b951ce0 Uncommon trap: trap_request=0xffffff45 fr.pc=0x000002325ddc8478 relative=0x0000000000000258
Event: 2.245 Thread 0x000002321b951ce0 Uncommon trap: reason=unstable_if action=reinterpret pc=0x000002325ddc8478 method=java.util.concurrent.ConcurrentHashMap.get(Ljava/lang/Object;)Ljava/lang/Object; @ 76 c2
Event: 2.245 Thread 0x000002321b951ce0 DEOPT PACKING pc=0x000002325ddc8478 sp=0x000000865e8fb410
Event: 2.245 Thread 0x000002321b951ce0 DEOPT UNPACKING pc=0x000002325d6269a3 sp=0x000000865e8fb378 mode 2
Event: 2.434 Thread 0x000002321b951ce0 DEOPT PACKING pc=0x00000232565b816a sp=0x000000865e8fcd60
Event: 2.434 Thread 0x000002321b951ce0 DEOPT UNPACKING pc=0x000002325d627143 sp=0x000000865e8fc270 mode 0

Classes loaded (20 events):
Event: 2.244 Loading class jdk/internal/vm/annotation/IntrinsicCandidate
Event: 2.244 Loading class jdk/internal/vm/annotation/IntrinsicCandidate done
Event: 2.246 Loading class java/util/stream/MatchOps$MatchKind
Event: 2.247 Loading class java/util/stream/MatchOps$MatchKind done
Event: 2.247 Loading class java/util/stream/MatchOps
Event: 2.247 Loading class java/util/stream/MatchOps done
Event: 2.247 Loading class java/util/stream/MatchOps$MatchOp
Event: 2.247 Loading class java/util/stream/MatchOps$MatchOp done
Event: 2.247 Loading class java/util/stream/MatchOps$BooleanTerminalSink
Event: 2.247 Loading class java/util/stream/MatchOps$BooleanTerminalSink done
Event: 2.248 Loading class java/util/stream/MatchOps$1MatchSink
Event: 2.248 Loading class java/util/stream/MatchOps$1MatchSink done
Event: 2.269 Loading class java/lang/TypeNotPresentException
Event: 2.269 Loading class java/lang/TypeNotPresentException done
Event: 2.286 Loading class java/lang/invoke/MethodHandle$1
Event: 2.286 Loading class java/lang/invoke/MethodHandle$1 done
Event: 2.297 Loading class java/util/ConcurrentModificationException
Event: 2.297 Loading class java/util/ConcurrentModificationException done
Event: 2.313 Loading class sun/reflect/generics/scope/ConstructorScope
Event: 2.313 Loading class sun/reflect/generics/scope/ConstructorScope done

Classes unloaded (0 events):
No events

Classes redefined (0 events):
No events

Internal exceptions (20 events):
Event: 0.831 Thread 0x000002324d087470 Exception <a 'java/lang/NoSuchMethodError'{0x00000000eeda62b8}: 'void java.lang.invoke.DirectMethodHandle$Holder.invokeInterface(java.lang.Object, java.lang.Object, java.lang.Object)'> (0x00000000eeda62b8) 
thrown [s\src\hotspot\share\interpreter\linkResolver.cpp, line 759]
Event: 1.599 Thread 0x000002324d087470 Exception <a 'java/lang/NoSuchMethodError'{0x00000000efa94570}: 'java.lang.Object java.lang.invoke.DirectMethodHandle$Holder.invokeStaticInit(java.lang.Object)'> (0x00000000efa94570) 
thrown [s\src\hotspot\share\interpreter\linkResolver.cpp, line 759]
Event: 1.619 Thread 0x000002324d087470 Exception <a 'java/lang/NoSuchMethodError'{0x00000000ef91d670}: 'java.lang.Object java.lang.invoke.DirectMethodHandle$Holder.invokeInterface(java.lang.Object, java.lang.Object)'> (0x00000000ef91d670) 
thrown [s\src\hotspot\share\interpreter\linkResolver.cpp, line 759]
Event: 1.699 Thread 0x000002324d087470 Exception <a 'java/lang/NoSuchMethodError'{0x00000000ef4df858}: 'java.lang.Object java.lang.invoke.DirectMethodHandle$Holder.invokeStaticInit(java.lang.Object, int, int, int, int)'> (0x00000000ef4df858) 
thrown [s\src\hotspot\share\interpreter\linkResolver.cpp, line 759]
Event: 1.771 Thread 0x000002324d087470 Exception <a 'java/lang/NoSuchMethodError'{0x00000000ef392078}: 'java.lang.Object java.lang.invoke.DirectMethodHandle$Holder.invokeStaticInit(java.lang.Object, java.lang.Object, int, int, int, int)'> (0x00000000ef392078) 
thrown [s\src\hotspot\share\interpreter\linkResolver.cpp, line 759]
Event: 1.972 Thread 0x000002324d087470 Exception <a 'java/lang/NoSuchMethodError'{0x00000000ef03f040}: 'void java.lang.invoke.DirectMethodHandle$Holder.invokeStatic(java.lang.Object, java.lang.Object, java.lang.Object)'> (0x00000000ef03f040) 
thrown [s\src\hotspot\share\interpreter\linkResolver.cpp, line 759]
Event: 1.998 Thread 0x000002324d087470 Exception <a 'java/io/IOException'{0x00000000eef520c0}> (0x00000000eef520c0) 
thrown [s\src\hotspot\share\prims\jni.cpp, line 516]
Event: 2.000 Thread 0x000002324d087470 Implicit null exception at 0x000002325dd78a72 to 0x000002325dd79040
Event: 2.004 Thread 0x000002324d087470 Exception <a 'java/lang/NoSuchMethodError'{0x00000000eefb1918}: 'java.lang.Object java.lang.invoke.DirectMethodHandle$Holder.newInvokeSpecial(java.lang.Object, java.lang.Object, java.lang.Object, java.lang.Object, java.lang.Object)'> (0x00000000eefb1918) 
thrown [s\src\hotspot\share\interpreter\linkResolver.cpp, line 759]
Event: 2.104 Thread 0x000002321b6c9250 Exception <a 'java/lang/NoSuchMethodError'{0x00000000eedf5cd0}: 'void java.lang.invoke.DirectMethodHandle$Holder.invokeSpecial(java.lang.Object, java.lang.Object, java.lang.Object)'> (0x00000000eedf5cd0) 
thrown [s\src\hotspot\share\interpreter\linkResolver.cpp, line 759]
Event: 2.151 Thread 0x000002321b951ce0 Exception <a 'java/lang/NoSuchMethodError'{0x00000000ee8e0e28}: 'long java.lang.invoke.DirectMethodHandle$Holder.invokeInterface(java.lang.Object, java.lang.Object)'> (0x00000000ee8e0e28) 
thrown [s\src\hotspot\share\interpreter\linkResolver.cpp, line 759]
Event: 2.213 Thread 0x000002321b951ce0 Exception <a 'java/lang/NoSuchMethodError'{0x00000000ee35b378}: 'void java.lang.invoke.DirectMethodHandle$Holder.invokeStatic(java.lang.Object, java.lang.Object)'> (0x00000000ee35b378) 
thrown [s\src\hotspot\share\interpreter\linkResolver.cpp, line 759]
Event: 2.251 Thread 0x000002321b951ce0 Exception <a 'java/lang/NoSuchMethodError'{0x00000000ee176630}: 'int java.lang.invoke.DirectMethodHandle$Holder.invokeVirtual(java.lang.Object, java.lang.Object, java.lang.Object)'> (0x00000000ee176630) 
thrown [s\src\hotspot\share\interpreter\linkResolver.cpp, line 759]
Event: 2.284 Thread 0x000002321b951ce0 Exception <a 'java/lang/NoSuchMethodError'{0x00000000ede04788}: 'java.lang.Object java.lang.invoke.DirectMethodHandle$Holder.newInvokeSpecial(java.lang.Object, java.lang.Object, java.lang.Object, java.lang.Object, java.lang.Object, java.lang.Object)'> (0x00000000ede04788) 
thrown [s\src\hotspot\share\interpreter\linkResolver.cpp, line 759]
Event: 2.287 Thread 0x000002321b951ce0 Exception <a 'java/lang/NoSuchMethodError'{0x00000000ede21670}: 'void java.lang.invoke.DirectMethodHandle$Holder.invokeSpecial(java.lang.Object, java.lang.Object, java.lang.Object, java.lang.Object, java.lang.Object)'> (0x00000000ede21670) 
thrown [s\src\hotspot\share\interpreter\linkResolver.cpp, line 759]
Event: 2.287 Thread 0x000002321b951ce0 Exception <a 'java/lang/NoSuchMethodError'{0x00000000ede35098}: 'void java.lang.invoke.DirectMethodHandle$Holder.invokeStaticInit(java.lang.Object, java.lang.Object)'> (0x00000000ede35098) 
thrown [s\src\hotspot\share\interpreter\linkResolver.cpp, line 759]
Event: 2.334 Thread 0x000002321b951ce0 Exception <a 'java/lang/NoSuchMethodError'{0x00000000edb0e970}: 'void java.lang.invoke.DelegatingMethodHandle$Holder.reinvoke_L(java.lang.Object, java.lang.Object, java.lang.Object, java.lang.Object, java.lang.Object, java.lang.Object, java.lang.Object, java.lang.Object, java.lang.Object, java.lang.Object)'> (0x00000000edb0e970) 
thrown [s\src\hotspot\share\interpreter\linkResolver.cpp, line 759]
Event: 2.334 Thread 0x000002321b951ce0 Exception <a 'java/lang/NoSuchMethodError'{0x00000000edb16de0}: 'java.lang.Object java.lang.invoke.DirectMethodHandle$Holder.invokeSpecial(java.lang.Object, java.lang.Object, java.lang.Object, java.lang.Object, java.lang.Object, java.lang.Object, java.lang.Object, java.lang.Object, java.lang.Object, java.lang.Object)'> (0x00000000edb16de0) 
thrown [s\src\hotspot\share\interpreter\linkResolver.cpp, line 759]
Event: 2.334 Thread 0x000002321b951ce0 Exception <a 'java/lang/NoSuchMethodError'{0x00000000edb1b6b0}: 'java.lang.Object java.lang.invoke.Invokers$Holder.invoker(java.lang.Object, java.lang.Object, java.lang.Object, java.lang.Object, java.lang.Object, java.lang.Object, java.lang.Object, java.lang.Object, java.lang.Object, java.lang.Object)'> (0x00000000edb1b6b0) 
thrown [s\src\hotspot\share\interpreter\linkResolver.cpp, line 759]
Event: 2.334 Thread 0x000002321b951ce0 Exception <a 'java/lang/NoSuchMethodError'{0x00000000edb212b8}: 'java.lang.Object java.lang.invoke.DirectMethodHandle$Holder.invokeSpecial(java.lang.Object, java.lang.Object, java.lang.Object, java.lang.Object, java.lang.Object, java.lang.Object, java.lang.Object, java.lang.Object, java.lang.Object, java.lang.Object, java.lang.Object)'> (0x00000000edb212b8) 
thrown [s\src\hotspot\share\interpreter\linkResolver.cpp, line 759]

VM Operations (20 events):
Event: 1.572 Executing VM operation: HandshakeAllThreads
Event: 1.572 Executing VM operation: HandshakeAllThreads done
Event: 1.573 Executing VM operation: HandshakeAllThreads
Event: 1.573 Executing VM operation: HandshakeAllThreads done
Event: 1.616 Executing VM operation: HandshakeAllThreads
Event: 1.616 Executing VM operation: HandshakeAllThreads done
Event: 1.647 Executing VM operation: HandshakeAllThreads
Event: 1.647 Executing VM operation: HandshakeAllThreads done
Event: 1.689 Executing VM operation: HandshakeAllThreads
Event: 1.689 Executing VM operation: HandshakeAllThreads done
Event: 1.704 Executing VM operation: HandshakeAllThreads
Event: 1.704 Executing VM operation: HandshakeAllThreads done
Event: 1.751 Executing VM operation: HandshakeAllThreads
Event: 1.751 Executing VM operation: HandshakeAllThreads done
Event: 1.970 Executing VM operation: HandshakeAllThreads
Event: 1.970 Executing VM operation: HandshakeAllThreads done
Event: 2.034 Executing VM operation: HandshakeAllThreads
Event: 2.034 Executing VM operation: HandshakeAllThreads done
Event: 2.245 Executing VM operation: ICBufferFull
Event: 2.246 Executing VM operation: ICBufferFull done

Events (20 events):
Event: 0.041 Thread 0x000002326a3c9c20 Thread added: 0x000002326a3c9c20
Event: 0.046 Thread 0x0000023219269bf0 Thread added: 0x0000023219269bf0
Event: 0.047 Thread 0x000002321926c520 Thread added: 0x000002321926c520
Event: 0.048 Thread 0x0000023219288c20 Thread added: 0x0000023219288c20
Event: 0.051 Thread 0x00000232192c16e0 Thread added: 0x00000232192c16e0
Event: 0.073 Thread 0x00000232193c2b10 Thread added: 0x00000232193c2b10
Event: 0.254 Thread 0x00000232194854c0 Thread added: 0x00000232194854c0
Event: 0.262 Thread 0x00000232195e4c10 Thread added: 0x00000232195e4c10
Event: 1.180 Thread 0x00000232195e4c10 Thread exited: 0x00000232195e4c10
Event: 1.181 Thread 0x00000232194854c0 Thread exited: 0x00000232194854c0
Event: 1.630 Thread 0x000002321ac74770 Thread added: 0x000002321ac74770
Event: 1.944 Thread 0x000002321b6a7400 Thread added: 0x000002321b6a7400
Event: 2.007 Thread 0x000002321b6640c0 Thread added: 0x000002321b6640c0
Event: 2.070 Thread 0x000002321b6c9250 Thread added: 0x000002321b6c9250
Event: 2.072 Thread 0x000002321b6fa450 Thread added: 0x000002321b6fa450
Event: 2.099 Thread 0x000002321b9517d0 Thread added: 0x000002321b9517d0
Event: 2.105 Thread 0x000002321b951ce0 Thread added: 0x000002321b951ce0
Event: 2.113 Thread 0x000002321b952700 Thread added: 0x000002321b952700
Event: 2.116 Thread 0x000002321b952c10 Thread added: 0x000002321b952c10
Event: 2.117 Thread 0x000002321b953120 Thread added: 0x000002321b953120


Dynamic libraries:
0x00007ff608630000 - 0x00007ff60863e000 	C:\Users\xrcla\.jdks\temurin-17.0.12\bin\java.exe
0x00007ffec8880000 - 0x00007ffec8ae7000 	C:\WINDOWS\SYSTEM32\ntdll.dll
0x00007ffec7830000 - 0x00007ffec78f9000 	C:\WINDOWS\System32\KERNEL32.DLL
0x00007ffec59d0000 - 0x00007ffec5dbf000 	C:\WINDOWS\System32\KERNELBASE.dll
0x00007ffec6020000 - 0x00007ffec616b000 	C:\WINDOWS\System32\ucrtbase.dll
0x00007ffebccf0000 - 0x00007ffebcd0b000 	C:\Users\xrcla\.jdks\temurin-17.0.12\bin\VCRUNTIME140.dll
0x00007ffebe2e0000 - 0x00007ffebe2f7000 	C:\Users\xrcla\.jdks\temurin-17.0.12\bin\jli.dll
0x00007ffec7a90000 - 0x00007ffec7c55000 	C:\WINDOWS\System32\USER32.dll
0x00007ffeb1360000 - 0x00007ffeb15f3000 	C:\WINDOWS\WinSxS\amd64_microsoft.windows.common-controls_6595b64144ccf1df_6.0.26100.7309_none_3e05feeae336a044\COMCTL32.dll
0x00007ffec5ff0000 - 0x00007ffec6017000 	C:\WINDOWS\System32\win32u.dll
0x00007ffec7540000 - 0x00007ffec756b000 	C:\WINDOWS\System32\GDI32.dll
0x00007ffec7210000 - 0x00007ffec72b9000 	C:\WINDOWS\System32\msvcrt.dll
0x00007ffec6460000 - 0x00007ffec658c000 	C:\WINDOWS\System32\gdi32full.dll
0x00007ffec6230000 - 0x00007ffec62d3000 	C:\WINDOWS\System32\msvcp_win.dll
0x00007ffec7770000 - 0x00007ffec77a1000 	C:\WINDOWS\System32\IMM32.DLL
0x00007ffebea10000 - 0x00007ffebea1c000 	C:\Users\xrcla\.jdks\temurin-17.0.12\bin\vcruntime140_1.dll
0x00007ffeb5cf0000 - 0x00007ffeb5d7d000 	C:\Users\xrcla\.jdks\temurin-17.0.12\bin\msvcp140.dll
0x00007ffe605c0000 - 0x00007ffe6122a000 	C:\Users\xrcla\.jdks\temurin-17.0.12\bin\server\jvm.dll
0x00007ffec76b0000 - 0x00007ffec7764000 	C:\WINDOWS\System32\ADVAPI32.dll
0x00007ffec79e0000 - 0x00007ffec7a86000 	C:\WINDOWS\System32\sechost.dll
0x00007ffec8480000 - 0x00007ffec8598000 	C:\WINDOWS\System32\RPCRT4.dll
0x00007ffec77b0000 - 0x00007ffec7824000 	C:\WINDOWS\System32\WS2_32.dll
0x00007ffec5830000 - 0x00007ffec588e000 	C:\WINDOWS\SYSTEM32\POWRPROF.dll
0x00007ffebc560000 - 0x00007ffebc56b000 	C:\WINDOWS\SYSTEM32\VERSION.dll
0x00007ffebb310000 - 0x00007ffebb345000 	C:\WINDOWS\SYSTEM32\WINMM.dll
0x00007ffec5810000 - 0x00007ffec5824000 	C:\WINDOWS\SYSTEM32\UMPDC.dll
0x00007ffec4780000 - 0x00007ffec479b000 	C:\WINDOWS\SYSTEM32\kernel.appcore.dll
0x00007ffeb5ce0000 - 0x00007ffeb5cea000 	C:\Users\xrcla\.jdks\temurin-17.0.12\bin\jimage.dll
0x00007ffebb580000 - 0x00007ffebb7c2000 	C:\WINDOWS\SYSTEM32\DBGHELP.DLL
0x00007ffec6d20000 - 0x00007ffec70a5000 	C:\WINDOWS\System32\combase.dll
0x00007ffec7900000 - 0x00007ffec79d6000 	C:\WINDOWS\System32\OLEAUT32.dll
0x00007ffe9a1c0000 - 0x00007ffe9a1fc000 	C:\WINDOWS\SYSTEM32\dbgcore.DLL
0x00007ffec5dd0000 - 0x00007ffec5e75000 	C:\WINDOWS\System32\bcryptPrimitives.dll
0x00007ffe86920000 - 0x00007ffe8692e000 	C:\Users\xrcla\.jdks\temurin-17.0.12\bin\instrument.dll
0x00007ffeb2bc0000 - 0x00007ffeb2be5000 	C:\Users\xrcla\.jdks\temurin-17.0.12\bin\java.dll
0x00007ffe73c60000 - 0x00007ffe73d37000 	C:\Users\xrcla\.jdks\temurin-17.0.12\bin\jsvml.dll
0x00007ffec7d20000 - 0x00007ffec8473000 	C:\WINDOWS\System32\SHELL32.dll
0x00007ffec5e80000 - 0x00007ffec5fea000 	C:\WINDOWS\System32\wintypes.dll
0x00007ffec35a0000 - 0x00007ffec3dfe000 	C:\WINDOWS\SYSTEM32\windows.storage.dll
0x00007ffec6620000 - 0x00007ffec6715000 	C:\WINDOWS\System32\SHCORE.dll
0x00007ffec7c60000 - 0x00007ffec7cc6000 	C:\WINDOWS\System32\shlwapi.dll
0x00007ffec58f0000 - 0x00007ffec5919000 	C:\WINDOWS\SYSTEM32\profapi.dll
0x00007ffeb56c0000 - 0x00007ffeb56d8000 	C:\Users\xrcla\.jdks\temurin-17.0.12\bin\zip.dll
0x00007ffeb48d0000 - 0x00007ffeb48e9000 	C:\Users\xrcla\.jdks\temurin-17.0.12\bin\net.dll
0x00007ffebe840000 - 0x00007ffebe968000 	C:\WINDOWS\SYSTEM32\WINHTTP.dll
0x00007ffec4cf0000 - 0x00007ffec4d5b000 	C:\WINDOWS\system32\mswsock.dll
0x00007ffeb2ba0000 - 0x00007ffeb2bb6000 	C:\Users\xrcla\.jdks\temurin-17.0.12\bin\nio.dll
0x00007ffeb5850000 - 0x00007ffeb5860000 	C:\Users\xrcla\.jdks\temurin-17.0.12\bin\verify.dll
0x00007ffe8fd30000 - 0x00007ffe8fd57000 	C:\Users\xrcla\.gradle\native\c067742578af261105cb4f569cf0c3c89f3d7b1fecec35dd04571415982c5e48\windows-amd64\native-platform.dll
0x00007ffe3df80000 - 0x00007ffe3e0c4000 	C:\Users\xrcla\.gradle\native\100fb08df4bc3b14c8652ba06237920a3bd2aa13389f12d3474272988ae205f9\windows-amd64\native-platform-file-events.dll
0x00007ffeb4bd0000 - 0x00007ffeb4bd9000 	C:\Users\xrcla\.jdks\temurin-17.0.12\bin\management.dll
0x00007ffeb4890000 - 0x00007ffeb489b000 	C:\Users\xrcla\.jdks\temurin-17.0.12\bin\management_ext.dll
0x00007ffec85b0000 - 0x00007ffec85b8000 	C:\WINDOWS\System32\PSAPI.DLL
0x00007ffec4fb0000 - 0x00007ffec4fcb000 	C:\WINDOWS\SYSTEM32\CRYPTSP.dll
0x00007ffec46e0000 - 0x00007ffec471a000 	C:\WINDOWS\system32\rsaenh.dll
0x00007ffec4da0000 - 0x00007ffec4dcb000 	C:\WINDOWS\SYSTEM32\USERENV.dll
0x00007ffec58c0000 - 0x00007ffec58ea000 	C:\WINDOWS\SYSTEM32\bcrypt.dll
0x00007ffec4fd0000 - 0x00007ffec4fdc000 	C:\WINDOWS\SYSTEM32\CRYPTBASE.dll
0x00007ffec4140000 - 0x00007ffec4174000 	C:\WINDOWS\SYSTEM32\IPHLPAPI.DLL
0x00007ffec85a0000 - 0x00007ffec85aa000 	C:\WINDOWS\System32\NSI.dll
0x00007ffebf160000 - 0x00007ffebf17e000 	C:\WINDOWS\SYSTEM32\dhcpcsvc6.DLL
0x00007ffebf090000 - 0x00007ffebf0b3000 	C:\WINDOWS\SYSTEM32\dhcpcsvc.DLL
0x00007ffec4180000 - 0x00007ffec42ac000 	C:\WINDOWS\SYSTEM32\DNSAPI.dll
0x00007ffeb3fd0000 - 0x00007ffeb3fd9000 	C:\Users\xrcla\.jdks\temurin-17.0.12\bin\extnet.dll
0x00007ffe7fec0000 - 0x00007ffe7fece000 	C:\Users\xrcla\.jdks\temurin-17.0.12\bin\sunmscapi.dll
0x00007ffec62e0000 - 0x00007ffec6457000 	C:\WINDOWS\System32\CRYPT32.dll
0x00007ffec51d0000 - 0x00007ffec5200000 	C:\WINDOWS\SYSTEM32\ncrypt.dll
0x00007ffec5180000 - 0x00007ffec51bf000 	C:\WINDOWS\SYSTEM32\NTASN1.dll
0x00007ffe8e9c0000 - 0x00007ffe8e9c8000 	C:\WINDOWS\system32\wshunix.dll

dbghelp: loaded successfully - version: 4.0.5 - missing functions: none
symbol engine: initialized successfully - sym options: 0x614 - pdb path: .;C:\Users\xrcla\.jdks\temurin-17.0.12\bin;C:\WINDOWS\SYSTEM32;C:\WINDOWS\WinSxS\amd64_microsoft.windows.common-controls_6595b64144ccf1df_6.0.26100.7309_none_3e05feeae336a044;C:\Users\xrcla\.jdks\temurin-17.0.12\bin\server;C:\Users\xrcla\.gradle\native\c067742578af261105cb4f569cf0c3c89f3d7b1fecec35dd04571415982c5e48\windows-amd64;C:\Users\xrcla\.gradle\native\100fb08df4bc3b14c8652ba06237920a3bd2aa13389f12d3474272988ae205f9\windows-amd64

VM Arguments:
jvm_args: --add-opens=java.base/java.util=ALL-UNNAMED --add-opens=java.base/java.lang=ALL-UNNAMED --add-opens=java.base/java.lang.invoke=ALL-UNNAMED --add-opens=java.prefs/java.util.prefs=ALL-UNNAMED --add-exports=jdk.compiler/com.sun.tools.javac.api=ALL-UNNAMED --add-exports=jdk.compiler/com.sun.tools.javac.util=ALL-UNNAMED --add-opens=java.base/java.nio.charset=ALL-UNNAMED --add-opens=java.base/java.net=ALL-UNNAMED --add-opens=java.base/java.util.concurrent.atomic=ALL-UNNAMED -XX:MaxMetaspaceSize=384m -XX:+HeapDumpOnOutOfMemoryError -Xms256m -Xmx512m -Dfile.encoding=UTF-8 -Duser.country=FR -Duser.language=fr -Duser.variant -javaagent:C:\Users\xrcla\.gradle\wrapper\dists\gradle-8.10.2-bin\a04bxjujx95o3nb99gddekhwo\gradle-8.10.2\lib\agents\gradle-instrumentation-agent-8.10.2.jar 
java_command: org.gradle.launcher.daemon.bootstrap.GradleDaemon 8.10.2
java_class_path (initial): C:\Users\xrcla\.gradle\wrapper\dists\gradle-8.10.2-bin\a04bxjujx95o3nb99gddekhwo\gradle-8.10.2\lib\gradle-daemon-main-8.10.2.jar
Launcher Type: SUN_STANDARD

[Global flags]
     intx CICompilerCount                          = 12                                        {product} {ergonomic}
   size_t CompressedClassSpaceSize                 = 335544320                                 {product} {ergonomic}
     uint ConcGCThreads                            = 3                                         {product} {ergonomic}
     uint G1ConcRefinementThreads                  = 13                                        {product} {ergonomic}
   size_t G1HeapRegionSize                         = 1048576                                   {product} {ergonomic}
    uintx GCDrainStackTargetSize                   = 64                                        {product} {ergonomic}
     bool HeapDumpOnOutOfMemoryError               = true                                   {manageable} {command line}
   size_t InitialHeapSize                          = 268435456                                 {product} {command line}
   size_t MarkStackSize                            = 4194304                                   {product} {ergonomic}
   size_t MaxHeapSize                              = 536870912                                 {product} {command line}
   size_t MaxMetaspaceSize                         = 402653184                                 {product} {command line}
   size_t MaxNewSize                               = 321912832                                 {product} {ergonomic}
   size_t MinHeapDeltaBytes                        = 1048576                                   {product} {ergonomic}
   size_t MinHeapSize                              = 268435456                                 {product} {command line}
    uintx NonNMethodCodeHeapSize                   = 7602480                                {pd product} {ergonomic}
    uintx NonProfiledCodeHeapSize                  = 122027880                              {pd product} {ergonomic}
    uintx ProfiledCodeHeapSize                     = 122027880                              {pd product} {ergonomic}
    uintx ReservedCodeCacheSize                    = 251658240                              {pd product} {ergonomic}
     bool SegmentedCodeCache                       = true                                      {product} {ergonomic}
   size_t SoftMaxHeapSize                          = 536870912                              {manageable} {ergonomic}
     bool UseCompressedClassPointers               = true                           {product lp64_product} {ergonomic}
     bool UseCompressedOops                        = true                           {product lp64_product} {ergonomic}
     bool UseG1GC                                  = true                                      {product} {ergonomic}
     bool UseLargePagesIndividualAllocation        = false                                  {pd product} {ergonomic}

Logging:
Log output configuration:
 #0: stdout all=warning uptime,level,tags
 #1: stderr all=off uptime,level,tags

Environment Variables:
PATH=C:\Program Files\Common Files\Oracle\Java\javapath;C:\Python311\Scripts\;C:\Python311\;C:\Program Files (x86)\Common Files\Oracle\Java\javapath;C:\Windows\system32;C:\Windows;C:\Windows\System32\Wbem;C:\Windows\System32\WindowsPowerShell\v1.0\;C:\Windows\System32\OpenSSH\;C:\Program Files (x86)\NVIDIA Corporation\PhysX\Common;C:\Program Files\NVIDIA Corporation\NVIDIA NvDLISR;C:\Program Files\Git\cmd;C:\Program Files\dotnet\;C:\Program Files (x86)\Windows Live\Shared;C:\ProgramData\chocolatey\bin;;C:\WINDOWS\system32;C:\WINDOWS;C:\WINDOWS\System32\Wbem;C:\WINDOWS\System32\WindowsPowerShell\v1.0\;C:\WINDOWS\System32\OpenSSH\;C:\Program Files\Docker\Docker\resources\bin;C:\Program Files\nodejs\;C:\Users\xrcla\AppData\Local\Microsoft\WindowsApps;C:\Users\xrcla\AppData\Local\Programs\Microsoft VS Code\bin;C:\Users\xrcla\.dotnet\tools;C:\Users\xrcla\AppData\Roaming\npm;C:\Users\xrcla\AppData\Local\JetBrains\Toolbox\scripts;
USERNAME=xrcla
OS=Windows_NT
PROCESSOR_IDENTIFIER=AMD64 Family 25 Model 80 Stepping 0, AuthenticAMD
TMP=C:\Users\xrcla\AppData\Local\Temp
TEMP=C:\Users\xrcla\AppData\Local\Temp



Periodic native trim disabled


---------------  S Y S T E M  ---------------

OS:
 Windows 11 , 64 bit Build 26100 (10.0.26100.7309)
OS uptime: 1 days 16:49 hours
Hyper-V role detected

CPU: total 16 (initial active 16) (16 cores per cpu, 2 threads per core) family 25 model 80 stepping 0 microcode 0xa50000c, cx8, cmov, fxsr, ht, mmx, 3dnowpref, sse, sse2, sse3, ssse3, sse4a, sse4.1, sse4.2, popcnt, lzcnt, tsc, tscinvbit, avx, avx2, aes, erms, clmul, bmi1, bmi2, adx, sha, fma, vzeroupper, clflush, clflushopt, hv
Processor Information for all 16 processors :
  Max Mhz: 3201, Current Mhz: 3201, Mhz Limit: 3201

Memory: 4k page, system-wide physical 15773M (1172M free)
TotalPageFile size 28778M (AvailPageFile size 5M)
current process WorkingSet (physical memory assigned to process): 169M, peak: 169M
current process commit charge ("private bytes"): 415M, peak: 416M

vm_info: OpenJDK 64-Bit Server VM (17.0.12+7) for windows-amd64 JRE (17.0.12+7), built on Jul 16 2024 22:08:24 by "admin" with MS VC++ 16.10 / 16.11 (VS2019)

END.
